******************************************************************************
                  TI ARM Linker PC v20.2.7                     
******************************************************************************
>> Linked Sat Mar  9 03:34:48 2024

OUTPUT FILE NAME:   <ECE1188 LFR.out>
ENTRY POINT SYMBOL: "_c_int00_noargs"  address: 00000dd1


MEMORY CONFIGURATION

         name            origin    length      used     unused   attr    fill
----------------------  --------  ---------  --------  --------  ----  --------
  RAM                   00000020   ffffffe0  000012bb  ffffed25  RWIX


SEGMENT ALLOCATION MAP

run origin  load origin   length   init length attrs members
----------  ----------- ---------- ----------- ----- -------
00000020    00000020    00000f54   00000f54    r-x
  00000020    00000020    00000e58   00000e58    r-x .text
  00000e78    00000e78    000000fc   000000fc    r-- .const
00000f74    00000f74    00000043   00000000    rw-
  00000f74    00000f74    00000038   00000000    rw- .data
  00000fac    00000fac    0000000b   00000000    rw- .bss
00000fb8    00000fb8    00000200   00000000    rw-
  00000fb8    00000fb8    00000200   00000000    rw- .stack
000011b8    000011b8    00000128   00000128    r--
  000011b8    000011b8    000000e4   000000e4    r-- .intvecs
  000012a0    000012a0    00000040   00000040    r-- .cinit


SECTION ALLOCATION MAP

 output                                  attributes/
section   page    origin      length       input sections
--------  ----  ----------  ----------   ----------------
.text      0    00000020    00000e58     
                  00000020    00000368     system_msp432p401r.obj (.text)
                  00000388    00000288     Reflectance.obj (.text)
                  00000610    000001fc     Clock.obj (.text)
                  0000080c    00000004     rtsv7M4_T_le_v4SPD16_eabi.lib : pre_init.c.obj (.text:_system_pre_init)
                  00000810    000001b8     Motor.obj (.text)
                  000009c8    00000118     main.obj (.text)
                  00000ae0    000000b8     PWM.obj (.text)
                  00000b98    000000b0     TimerA0.obj (.text)
                  00000c48    0000009c     rtsv7M4_T_le_v4SPD16_eabi.lib : memcpy_t2.asm.obj (.text)
                  00000ce4    00000068                                   : copy_decompress_lzss.c.obj (.text:decompress:lzss:__TI_decompress_lzss)
                  00000d4c    00000044                                   : autoinit.c.obj (.text:__TI_auto_init_nobinit_nopinit:__TI_auto_init_nobinit_nopinit)
                  00000d90    00000040     SysTickInts.obj (.text)
                  00000dd0    00000034     rtsv7M4_T_le_v4SPD16_eabi.lib : boot_cortex_m.c.obj (.text:_c_int00_noargs:_c_int00_noargs)
                  00000e04    00000004                                   : exit.c.obj (.text:abort:abort)
                  00000e08    0000002e     CortexM.obj (.text)
                  00000e36    0000001c     rtsv7M4_T_le_v4SPD16_eabi.lib : copy_zero_init.c.obj (.text:decompress:ZI:__TI_zero_init_nomemset:__TI_zero_init_nomemset)
                  00000e52    00000006     --HOLE-- [fill = 0]
                  00000e58    00000012     startup_msp432p401r_ccs.obj (.text)
                  00000e6a    0000000e     rtsv7M4_T_le_v4SPD16_eabi.lib : copy_decompress_none.c.obj (.text:decompress:none:__TI_decompress_none)

.const     0    00000e78    000000fc     
                  00000e78    000000fc     main.obj (.const:FSM)

.data      0    00000f74    00000038     UNINITIALIZED
                  00000f74    0000001c     main.obj (.data:lookup_table)
                  00000f90    00000018     Clock.obj (.data)
                  00000fa8    00000004     system_msp432p401r.obj (.data)

.bss       0    00000fac    0000000b     UNINITIALIZED
                  00000fac    00000004     (.common:TimerA0Task)
                  00000fb0    00000004     (.common:sensor_state)
                  00000fb4    00000001     (.common:IRSensorInput)
                  00000fb5    00000001     (.common:MainCount)
                  00000fb6    00000001     (.common:index)

.cinit     0    000012a0    00000040     
                  000012a0    0000001c     (.cinit..data.load) [load image, compression = lzss]
                  000012bc    0000000c     (__TI_handler_table)
                  000012c8    00000008     (.cinit..bss.load) [load image, compression = zero_init]
                  000012d0    00000010     (__TI_cinit_table)

.init_array 
*          0    00000020    00000000     UNINITIALIZED

__llvm_prf_cnts 
*          0    00000020    00000000     UNINITIALIZED

.stack     0    00000fb8    00000200     UNINITIALIZED
                  00000fb8    00000004     rtsv7M4_T_le_v4SPD16_eabi.lib : boot_cortex_m.c.obj (.stack)
                  00000fbc    000001fc     --HOLE--

.intvecs   0    000011b8    000000e4     
                  000011b8    000000e4     startup_msp432p401r_ccs.obj (.intvecs:retain)

MODULE SUMMARY

       Module                        code   ro data   rw data
       ------                        ----   -------   -------
    .\
       system_msp432p401r.obj        872    0         4      
       Reflectance.obj               648    0         0      
       main.obj                      280    252       35     
       Clock.obj                     508    0         24     
       Motor.obj                     440    0         0      
       startup_msp432p401r_ccs.obj   18     228       0      
       PWM.obj                       184    0         0      
       TimerA0.obj                   176    0         4      
       SysTickInts.obj               64     0         0      
       CortexM.obj                   46     0         0      
    +--+-----------------------------+------+---------+---------+
       Total:                        3236   480       67     
                                                             
    C:\ti\ccs1260\ccs\tools\compiler\ti-cgt-arm_20.2.7.LTS\lib\rtsv7M4_T_le_v4SPD16_eabi.lib
       memcpy_t2.asm.obj             156    0         0      
       copy_decompress_lzss.c.obj    104    0         0      
       autoinit.c.obj                68     0         0      
       boot_cortex_m.c.obj           52     0         0      
       copy_zero_init.c.obj          28     0         0      
       copy_decompress_none.c.obj    14     0         0      
       exit.c.obj                    4      0         0      
       pre_init.c.obj                4      0         0      
    +--+-----------------------------+------+---------+---------+
       Total:                        430    0         0      
                                                             
       Stack:                        0      0         512    
       Linker Generated:             0      64        0      
    +--+-----------------------------+------+---------+---------+
       Grand Total:                  3666   544       579    


LINKER GENERATED COPY TABLES

__TI_cinit_table @ 000012d0 records: 2, size/record: 8, table size: 16
	.data: load addr=000012a0, load size=0000001c bytes, run addr=00000f74, run size=00000038 bytes, compression=lzss
	.bss: load addr=000012c8, load size=00000008 bytes, run addr=00000fac, run size=0000000b bytes, compression=zero_init


LINKER GENERATED HANDLER TABLE

__TI_handler_table @ 000012bc records: 3, size/record: 4, table size: 12
	index: 0, handler: __TI_decompress_lzss
	index: 1, handler: __TI_decompress_none
	index: 2, handler: __TI_zero_init


GLOBAL SYMBOLS: SORTED ALPHABETICALLY BY Name 

address   name                          
-------   ----                          
00000e69  ADC14_IRQHandler              
00000e69  AES256_IRQHandler             
00000e69  BusFault_Handler              
00000e05  C$$EXIT                       
00000e69  COMP_E0_IRQHandler            
00000e69  COMP_E1_IRQHandler            
00000f98  CPMwait                       
00000e69  CS_IRQHandler                 
00000f90  ClockFrequency                
00000781  Clock_Delay1ms                
00000751  Clock_Delay1us                
00000739  Clock_GetFreq                 
00000611  Clock_Init48MHz               
00000fa4  Crystalstable                 
00000e69  DMA_ERR_IRQHandler            
00000e69  DMA_INT0_IRQHandler           
00000e69  DMA_INT1_IRQHandler           
00000e69  DMA_INT2_IRQHandler           
00000e69  DMA_INT3_IRQHandler           
00000e69  DebugMon_Handler              
00000e69  Default_Handler               
00000e09  DisableInterrupts             
00000e69  EUSCIA0_IRQHandler            
00000e69  EUSCIA1_IRQHandler            
00000e69  EUSCIA2_IRQHandler            
00000e69  EUSCIA3_IRQHandler            
00000e69  EUSCIB0_IRQHandler            
00000e69  EUSCIB1_IRQHandler            
00000e69  EUSCIB2_IRQHandler            
00000e69  EUSCIB3_IRQHandler            
00000e11  EnableInterrupts              
00000e29  EndCritical                   
00000e69  FLCTL_IRQHandler              
00000e69  FPU_IRQHandler                
00000e78  FSM                           
00000e69  HardFault_Handler             
00000fa0  IFlags                        
00000fb4  IRSensorInput                 
00000fb5  MainCount                     
00000e69  MemManage_Handler             
00000961  Motor_Backward                
000008b1  Motor_Forward                 
00000811  Motor_Init                    
00000921  Motor_Left                    
000008e1  Motor_Right                   
00000881  Motor_Stop                    
00000e69  NMI_Handler                   
00000e69  PCM_IRQHandler                
00000e69  PORT1_IRQHandler              
00000e69  PORT2_IRQHandler              
00000e69  PORT3_IRQHandler              
00000e69  PORT4_IRQHandler              
00000e69  PORT5_IRQHandler              
00000e69  PORT6_IRQHandler              
00000e69  PSS_IRQHandler                
00000b51  PWM_Duty34                    
00000ae1  PWM_Init34                    
00000e69  PendSV_Handler                
000009c9  Port2_Init                    
00000f9c  Postwait                      
00000f94  Prewait                       
00000e69  RTC_C_IRQHandler              
00000449  Reflectance_End               
00000389  Reflectance_Init              
00000409  Reflectance_Start             
00000e59  Reset_Handler                 
00000e69  SVC_Handler                   
00000e19  StartCritical                 
000009f9  SysTick_Handler               
000009f9  SysTick_Handler               
00000d91  SysTick_Init                  
00000fa8  SystemCoreClock               
00000021  SystemCoreClockUpdate         
000002d1  SystemInit                    
00000e69  T32_INT1_IRQHandler           
00000e69  T32_INT2_IRQHandler           
00000e69  T32_INTC_IRQHandler           
00000c19  TA0_0_IRQHandler              
00000c19  TA0_0_IRQHandler              
00000e69  TA0_N_IRQHandler              
00000e69  TA1_0_IRQHandler              
00000e69  TA1_N_IRQHandler              
00000e69  TA2_0_IRQHandler              
00000e69  TA2_N_IRQHandler              
00000e69  TA3_0_IRQHandler              
00000e69  TA3_N_IRQHandler              
00000fac  TimerA0Task                   
00000b99  TimerA0_Init                  
00000c01  TimerA0_Stop                  
00000e69  UsageFault_Handler            
00000e69  WDT_A_IRQHandler              
00000e31  WaitForInterrupt              
000011b8  __STACK_END                   
00000200  __STACK_SIZE                  
000012d0  __TI_CINIT_Base               
000012e0  __TI_CINIT_Limit              
000012bc  __TI_Handler_Table_Base       
000012c8  __TI_Handler_Table_Limit      
00000d4d  __TI_auto_init_nobinit_nopinit
00000ce5  __TI_decompress_lzss          
00000e6b  __TI_decompress_none          
ffffffff  __TI_pprof_out_hndl           
ffffffff  __TI_prof_data_size           
ffffffff  __TI_prof_data_start          
000012a0  __TI_static_base__            
00000e37  __TI_zero_init_nomemset       
00000c49  __aeabi_memcpy                
00000c49  __aeabi_memcpy4               
00000c49  __aeabi_memcpy8               
ffffffff  __binit__                     
ffffffff  __c_args__                    
UNDEFED   __mpu_init                    
00000fb8  __stack                       
00000020  __start___llvm_prf_cnts       
00000020  __stop___llvm_prf_cnts        
00000dd1  _c_int00_noargs               
UNDEFED   _system_post_cinit            
0000080d  _system_pre_init              
00000e05  abort                         
ffffffff  binit                         
00000479  decision                      
00000741  delay                         
00000fb6  index                         
000011b8  interruptVectors              
00000f74  lookup_table                  
00000a79  main                          
00000c49  memcpy                        
00000fb0  sensor_state                  


GLOBAL SYMBOLS: SORTED BY Symbol Address 

address   name                          
-------   ----                          
00000020  __start___llvm_prf_cnts       
00000020  __stop___llvm_prf_cnts        
00000021  SystemCoreClockUpdate         
00000200  __STACK_SIZE                  
000002d1  SystemInit                    
00000389  Reflectance_Init              
00000409  Reflectance_Start             
00000449  Reflectance_End               
00000479  decision                      
00000611  Clock_Init48MHz               
00000739  Clock_GetFreq                 
00000741  delay                         
00000751  Clock_Delay1us                
00000781  Clock_Delay1ms                
0000080d  _system_pre_init              
00000811  Motor_Init                    
00000881  Motor_Stop                    
000008b1  Motor_Forward                 
000008e1  Motor_Right                   
00000921  Motor_Left                    
00000961  Motor_Backward                
000009c9  Port2_Init                    
000009f9  SysTick_Handler               
000009f9  SysTick_Handler               
00000a79  main                          
00000ae1  PWM_Init34                    
00000b51  PWM_Duty34                    
00000b99  TimerA0_Init                  
00000c01  TimerA0_Stop                  
00000c19  TA0_0_IRQHandler              
00000c19  TA0_0_IRQHandler              
00000c49  __aeabi_memcpy                
00000c49  __aeabi_memcpy4               
00000c49  __aeabi_memcpy8               
00000c49  memcpy                        
00000ce5  __TI_decompress_lzss          
00000d4d  __TI_auto_init_nobinit_nopinit
00000d91  SysTick_Init                  
00000dd1  _c_int00_noargs               
00000e05  C$$EXIT                       
00000e05  abort                         
00000e09  DisableInterrupts             
00000e11  EnableInterrupts              
00000e19  StartCritical                 
00000e29  EndCritical                   
00000e31  WaitForInterrupt              
00000e37  __TI_zero_init_nomemset       
00000e59  Reset_Handler                 
00000e69  ADC14_IRQHandler              
00000e69  AES256_IRQHandler             
00000e69  BusFault_Handler              
00000e69  COMP_E0_IRQHandler            
00000e69  COMP_E1_IRQHandler            
00000e69  CS_IRQHandler                 
00000e69  DMA_ERR_IRQHandler            
00000e69  DMA_INT0_IRQHandler           
00000e69  DMA_INT1_IRQHandler           
00000e69  DMA_INT2_IRQHandler           
00000e69  DMA_INT3_IRQHandler           
00000e69  DebugMon_Handler              
00000e69  Default_Handler               
00000e69  EUSCIA0_IRQHandler            
00000e69  EUSCIA1_IRQHandler            
00000e69  EUSCIA2_IRQHandler            
00000e69  EUSCIA3_IRQHandler            
00000e69  EUSCIB0_IRQHandler            
00000e69  EUSCIB1_IRQHandler            
00000e69  EUSCIB2_IRQHandler            
00000e69  EUSCIB3_IRQHandler            
00000e69  FLCTL_IRQHandler              
00000e69  FPU_IRQHandler                
00000e69  HardFault_Handler             
00000e69  MemManage_Handler             
00000e69  NMI_Handler                   
00000e69  PCM_IRQHandler                
00000e69  PORT1_IRQHandler              
00000e69  PORT2_IRQHandler              
00000e69  PORT3_IRQHandler              
00000e69  PORT4_IRQHandler              
00000e69  PORT5_IRQHandler              
00000e69  PORT6_IRQHandler              
00000e69  PSS_IRQHandler                
00000e69  PendSV_Handler                
00000e69  RTC_C_IRQHandler              
00000e69  SVC_Handler                   
00000e69  T32_INT1_IRQHandler           
00000e69  T32_INT2_IRQHandler           
00000e69  T32_INTC_IRQHandler           
00000e69  TA0_N_IRQHandler              
00000e69  TA1_0_IRQHandler              
00000e69  TA1_N_IRQHandler              
00000e69  TA2_0_IRQHandler              
00000e69  TA2_N_IRQHandler              
00000e69  TA3_0_IRQHandler              
00000e69  TA3_N_IRQHandler              
00000e69  UsageFault_Handler            
00000e69  WDT_A_IRQHandler              
00000e6b  __TI_decompress_none          
00000e78  FSM                           
00000f74  lookup_table                  
00000f90  ClockFrequency                
00000f94  Prewait                       
00000f98  CPMwait                       
00000f9c  Postwait                      
00000fa0  IFlags                        
00000fa4  Crystalstable                 
00000fa8  SystemCoreClock               
00000fac  TimerA0Task                   
00000fb0  sensor_state                  
00000fb4  IRSensorInput                 
00000fb5  MainCount                     
00000fb6  index                         
00000fb8  __stack                       
000011b8  __STACK_END                   
000011b8  interruptVectors              
000012a0  __TI_static_base__            
000012bc  __TI_Handler_Table_Base       
000012c8  __TI_Handler_Table_Limit      
000012d0  __TI_CINIT_Base               
000012e0  __TI_CINIT_Limit              
ffffffff  __TI_pprof_out_hndl           
ffffffff  __TI_prof_data_size           
ffffffff  __TI_prof_data_start          
ffffffff  __binit__                     
ffffffff  __c_args__                    
ffffffff  binit                         
UNDEFED   __mpu_init                    
UNDEFED   _system_post_cinit            

[128 symbols]
