******************************************************************************
                  TI ARM Linker PC v20.2.7                     
******************************************************************************
>> Linked Sat Mar  9 03:34:53 2024

OUTPUT FILE NAME:   <ECE1188 LFR.out>
ENTRY POINT SYMBOL: "_c_int00_noargs"  address: 00001109


MEMORY CONFIGURATION

         name            origin    length      used     unused   attr    fill
----------------------  --------  ---------  --------  --------  ----  --------
  RAM                   00000020   ffffffe0  000015f3  ffffe9ed  RWIX


SEGMENT ALLOCATION MAP

run origin  load origin   length   init length attrs members
----------  ----------- ---------- ----------- ----- -------
00000020    00000020    0000128c   0000128c    r-x
  00000020    00000020    00001190   00001190    r-x .text
  000011b0    000011b0    000000fc   000000fc    r-- .const
000012ac    000012ac    00000043   00000000    rw-
  000012ac    000012ac    00000038   00000000    rw- .data
  000012e4    000012e4    0000000b   00000000    rw- .bss
000012f0    000012f0    00000200   00000000    rw-
  000012f0    000012f0    00000200   00000000    rw- .stack
000014f0    000014f0    00000128   00000128    r--
  000014f0    000014f0    000000e4   000000e4    r-- .intvecs
  000015d8    000015d8    00000040   00000040    r-- .cinit


SECTION ALLOCATION MAP

 output                                  attributes/
section   page    origin      length       input sections
--------  ----  ----------  ----------   ----------------
.text      0    00000020    00001190     
                  00000020    00000480     system_msp432p401r.obj (.text)
                  000004a0    000002d4     Clock.obj (.text)
                  00000774    00000004     rtsv7M4_T_le_v4SPD16_eabi.lib : pre_init.c.obj (.text:_system_pre_init)
                  00000778    000002cc     Reflectance.obj (.text)
                  00000a44    00000004     rtsv7M4_T_le_v4SPD16_eabi.lib : exit.c.obj (.text:abort:abort)
                  00000a48    00000228     Motor.obj (.text)
                  00000c70    0000016e     main.obj (.text)
                  00000dde    00000002     --HOLE-- [fill = 0]
                  00000de0    000000c8     PWM.obj (.text)
                  00000ea8    000000c6     TimerA0.obj (.text)
                  00000f6e    0000009c     rtsv7M4_T_le_v4SPD16_eabi.lib : memcpy_t2.asm.obj (.text)
                  0000100a    00000068                                   : copy_decompress_lzss.c.obj (.text:decompress:lzss:__TI_decompress_lzss)
                  00001072    00000006     --HOLE-- [fill = 0]
                  00001078    0000004c     SysTickInts.obj (.text)
                  000010c4    00000044     rtsv7M4_T_le_v4SPD16_eabi.lib : autoinit.c.obj (.text:__TI_auto_init_nobinit_nopinit:__TI_auto_init_nobinit_nopinit)
                  00001108    00000034                                   : boot_cortex_m.c.obj (.text:_c_int00_noargs:_c_int00_noargs)
                  0000113c    00000004     --HOLE-- [fill = 0]
                  00001140    0000002e     CortexM.obj (.text)
                  0000116e    0000001c     rtsv7M4_T_le_v4SPD16_eabi.lib : copy_zero_init.c.obj (.text:decompress:ZI:__TI_zero_init_nomemset:__TI_zero_init_nomemset)
                  0000118a    00000006     --HOLE-- [fill = 0]
                  00001190    00000012     startup_msp432p401r_ccs.obj (.text)
                  000011a2    0000000e     rtsv7M4_T_le_v4SPD16_eabi.lib : copy_decompress_none.c.obj (.text:decompress:none:__TI_decompress_none)

.const     0    000011b0    000000fc     
                  000011b0    000000fc     main.obj (.const:FSM)

.data      0    000012ac    00000038     UNINITIALIZED
                  000012ac    0000001c     main.obj (.data:lookup_table)
                  000012c8    00000018     Clock.obj (.data)
                  000012e0    00000004     system_msp432p401r.obj (.data)

.bss       0    000012e4    0000000b     UNINITIALIZED
                  000012e4    00000004     (.common:TimerA0Task)
                  000012e8    00000004     (.common:sensor_state)
                  000012ec    00000001     (.common:IRSensorInput)
                  000012ed    00000001     (.common:MainCount)
                  000012ee    00000001     (.common:index)

.cinit     0    000015d8    00000040     
                  000015d8    0000001a     (.cinit..data.load) [load image, compression = lzss]
                  000015f2    00000002     --HOLE-- [fill = 0]
                  000015f4    0000000c     (__TI_handler_table)
                  00001600    00000008     (.cinit..bss.load) [load image, compression = zero_init]
                  00001608    00000010     (__TI_cinit_table)

.init_array 
*          0    00000020    00000000     UNINITIALIZED

__llvm_prf_cnts 
*          0    00000020    00000000     UNINITIALIZED

.stack     0    000012f0    00000200     UNINITIALIZED
                  000012f0    00000004     rtsv7M4_T_le_v4SPD16_eabi.lib : boot_cortex_m.c.obj (.stack)
                  000012f4    000001fc     --HOLE--

.intvecs   0    000014f0    000000e4     
                  000014f0    000000e4     startup_msp432p401r_ccs.obj (.intvecs:retain)

MODULE SUMMARY

       Module                        code   ro data   rw data
       ------                        ----   -------   -------
    .\
       system_msp432p401r.obj        1152   0         4      
       Clock.obj                     724    0         24     
       Reflectance.obj               716    0         0      
       main.obj                      366    252       35     
       Motor.obj                     552    0         0      
       startup_msp432p401r_ccs.obj   18     228       0      
       TimerA0.obj                   198    0         4      
       PWM.obj                       200    0         0      
       SysTickInts.obj               76     0         0      
       CortexM.obj                   46     0         0      
    +--+-----------------------------+------+---------+---------+
       Total:                        4048   480       67     
                                                             
    C:\ti\ccs1260\ccs\tools\compiler\ti-cgt-arm_20.2.7.LTS\lib\rtsv7M4_T_le_v4SPD16_eabi.lib
       memcpy_t2.asm.obj             156    0         0      
       copy_decompress_lzss.c.obj    104    0         0      
       autoinit.c.obj                68     0         0      
       boot_cortex_m.c.obj           52     0         0      
       copy_zero_init.c.obj          28     0         0      
       copy_decompress_none.c.obj    14     0         0      
       exit.c.obj                    4      0         0      
       pre_init.c.obj                4      0         0      
    +--+-----------------------------+------+---------+---------+
       Total:                        430    0         0      
                                                             
       Stack:                        0      0         512    
       Linker Generated:             0      62        0      
    +--+-----------------------------+------+---------+---------+
       Grand Total:                  4478   542       579    


LINKER GENERATED COPY TABLES

__TI_cinit_table @ 00001608 records: 2, size/record: 8, table size: 16
	.data: load addr=000015d8, load size=0000001a bytes, run addr=000012ac, run size=00000038 bytes, compression=lzss
	.bss: load addr=00001600, load size=00000008 bytes, run addr=000012e4, run size=0000000b bytes, compression=zero_init


LINKER GENERATED HANDLER TABLE

__TI_handler_table @ 000015f4 records: 3, size/record: 4, table size: 12
	index: 0, handler: __TI_decompress_lzss
	index: 1, handler: __TI_decompress_none
	index: 2, handler: __TI_zero_init


GLOBAL SYMBOLS: SORTED ALPHABETICALLY BY Name 

address   name                          
-------   ----                          
000011a1  ADC14_IRQHandler              
000011a1  AES256_IRQHandler             
000011a1  BusFault_Handler              
00000a45  C$$EXIT                       
000011a1  COMP_E0_IRQHandler            
000011a1  COMP_E1_IRQHandler            
000012d0  CPMwait                       
000011a1  CS_IRQHandler                 
000012c8  ClockFrequency                
00000749  Clock_Delay1ms                
00000719  Clock_Delay1us                
000006f9  Clock_GetFreq                 
000004a1  Clock_Init48MHz               
000012dc  Crystalstable                 
000011a1  DMA_ERR_IRQHandler            
000011a1  DMA_INT0_IRQHandler           
000011a1  DMA_INT1_IRQHandler           
000011a1  DMA_INT2_IRQHandler           
000011a1  DMA_INT3_IRQHandler           
000011a1  DebugMon_Handler              
000011a1  Default_Handler               
00001141  DisableInterrupts             
000011a1  EUSCIA0_IRQHandler            
000011a1  EUSCIA1_IRQHandler            
000011a1  EUSCIA2_IRQHandler            
000011a1  EUSCIA3_IRQHandler            
000011a1  EUSCIB0_IRQHandler            
000011a1  EUSCIB1_IRQHandler            
000011a1  EUSCIB2_IRQHandler            
000011a1  EUSCIB3_IRQHandler            
00001149  EnableInterrupts              
00001161  EndCritical                   
000011a1  FLCTL_IRQHandler              
000011a1  FPU_IRQHandler                
000011b0  FSM                           
000011a1  HardFault_Handler             
000012d8  IFlags                        
000012ec  IRSensorInput                 
000012ed  MainCount                     
000011a1  MemManage_Handler             
00000c19  Motor_Backward                
00000b31  Motor_Forward                 
00000a49  Motor_Init                    
00000bc1  Motor_Left                    
00000b69  Motor_Right                   
00000af9  Motor_Stop                    
000011a1  NMI_Handler                   
000011a1  PCM_IRQHandler                
000011a1  PORT1_IRQHandler              
000011a1  PORT2_IRQHandler              
000011a1  PORT3_IRQHandler              
000011a1  PORT4_IRQHandler              
000011a1  PORT5_IRQHandler              
000011a1  PORT6_IRQHandler              
000011a1  PSS_IRQHandler                
00000e81  PWM_Duty34                    
00000de1  PWM_Init34                    
000011a1  PendSV_Handler                
00000c71  Port2_Init                    
000012d4  Postwait                      
000012cc  Prewait                       
000011a1  RTC_C_IRQHandler              
000008a1  Reflectance_End               
00000779  Reflectance_Init              
00000841  Reflectance_Start             
00001191  Reset_Handler                 
000011a1  SVC_Handler                   
00001151  StartCritical                 
00000cb9  SysTick_Handler               
00000cb9  SysTick_Handler               
00001079  SysTick_Init                  
000012e0  SystemCoreClock               
00000021  SystemCoreClockUpdate         
00000401  SystemInit                    
000011a1  T32_INT1_IRQHandler           
000011a1  T32_INT2_IRQHandler           
000011a1  T32_INTC_IRQHandler           
00000f51  TA0_0_IRQHandler              
00000f51  TA0_0_IRQHandler              
000011a1  TA0_N_IRQHandler              
000011a1  TA1_0_IRQHandler              
000011a1  TA1_N_IRQHandler              
000011a1  TA2_0_IRQHandler              
000011a1  TA2_N_IRQHandler              
000011a1  TA3_0_IRQHandler              
000011a1  TA3_N_IRQHandler              
000012e4  TimerA0Task                   
00000ea9  TimerA0_Init                  
00000f31  TimerA0_Stop                  
000011a1  UsageFault_Handler            
000011a1  WDT_A_IRQHandler              
00001169  WaitForInterrupt              
000014f0  __STACK_END                   
00000200  __STACK_SIZE                  
00001608  __TI_CINIT_Base               
00001618  __TI_CINIT_Limit              
000015f4  __TI_Handler_Table_Base       
00001600  __TI_Handler_Table_Limit      
000010c5  __TI_auto_init_nobinit_nopinit
0000100b  __TI_decompress_lzss          
000011a3  __TI_decompress_none          
ffffffff  __TI_pprof_out_hndl           
ffffffff  __TI_prof_data_size           
ffffffff  __TI_prof_data_start          
000015d8  __TI_static_base__            
0000116f  __TI_zero_init_nomemset       
00000f6f  __aeabi_memcpy                
00000f6f  __aeabi_memcpy4               
00000f6f  __aeabi_memcpy8               
ffffffff  __binit__                     
ffffffff  __c_args__                    
UNDEFED   __mpu_init                    
000012f0  __stack                       
00000020  __start___llvm_prf_cnts       
00000020  __stop___llvm_prf_cnts        
00001109  _c_int00_noargs               
UNDEFED   _system_post_cinit            
00000775  _system_pre_init              
00000a45  abort                         
ffffffff  binit                         
000008e1  decision                      
00000709  delay                         
000012ee  index                         
000014f0  interruptVectors              
000012ac  lookup_table                  
00000d89  main                          
00000f6f  memcpy                        
000012e8  sensor_state                  


GLOBAL SYMBOLS: SORTED BY Symbol Address 

address   name                          
-------   ----                          
00000020  __start___llvm_prf_cnts       
00000020  __stop___llvm_prf_cnts        
00000021  SystemCoreClockUpdate         
00000200  __STACK_SIZE                  
00000401  SystemInit                    
000004a1  Clock_Init48MHz               
000006f9  Clock_GetFreq                 
00000709  delay                         
00000719  Clock_Delay1us                
00000749  Clock_Delay1ms                
00000775  _system_pre_init              
00000779  Reflectance_Init              
00000841  Reflectance_Start             
000008a1  Reflectance_End               
000008e1  decision                      
00000a45  C$$EXIT                       
00000a45  abort                         
00000a49  Motor_Init                    
00000af9  Motor_Stop                    
00000b31  Motor_Forward                 
00000b69  Motor_Right                   
00000bc1  Motor_Left                    
00000c19  Motor_Backward                
00000c71  Port2_Init                    
00000cb9  SysTick_Handler               
00000cb9  SysTick_Handler               
00000d89  main                          
00000de1  PWM_Init34                    
00000e81  PWM_Duty34                    
00000ea9  TimerA0_Init                  
00000f31  TimerA0_Stop                  
00000f51  TA0_0_IRQHandler              
00000f51  TA0_0_IRQHandler              
00000f6f  __aeabi_memcpy                
00000f6f  __aeabi_memcpy4               
00000f6f  __aeabi_memcpy8               
00000f6f  memcpy                        
0000100b  __TI_decompress_lzss          
00001079  SysTick_Init                  
000010c5  __TI_auto_init_nobinit_nopinit
00001109  _c_int00_noargs               
00001141  DisableInterrupts             
00001149  EnableInterrupts              
00001151  StartCritical                 
00001161  EndCritical                   
00001169  WaitForInterrupt              
0000116f  __TI_zero_init_nomemset       
00001191  Reset_Handler                 
000011a1  ADC14_IRQHandler              
000011a1  AES256_IRQHandler             
000011a1  BusFault_Handler              
000011a1  COMP_E0_IRQHandler            
000011a1  COMP_E1_IRQHandler            
000011a1  CS_IRQHandler                 
000011a1  DMA_ERR_IRQHandler            
000011a1  DMA_INT0_IRQHandler           
000011a1  DMA_INT1_IRQHandler           
000011a1  DMA_INT2_IRQHandler           
000011a1  DMA_INT3_IRQHandler           
000011a1  DebugMon_Handler              
000011a1  Default_Handler               
000011a1  EUSCIA0_IRQHandler            
000011a1  EUSCIA1_IRQHandler            
000011a1  EUSCIA2_IRQHandler            
000011a1  EUSCIA3_IRQHandler            
000011a1  EUSCIB0_IRQHandler            
000011a1  EUSCIB1_IRQHandler            
000011a1  EUSCIB2_IRQHandler            
000011a1  EUSCIB3_IRQHandler            
000011a1  FLCTL_IRQHandler              
000011a1  FPU_IRQHandler                
000011a1  HardFault_Handler             
000011a1  MemManage_Handler             
000011a1  NMI_Handler                   
000011a1  PCM_IRQHandler                
000011a1  PORT1_IRQHandler              
000011a1  PORT2_IRQHandler              
000011a1  PORT3_IRQHandler              
000011a1  PORT4_IRQHandler              
000011a1  PORT5_IRQHandler              
000011a1  PORT6_IRQHandler              
000011a1  PSS_IRQHandler                
000011a1  PendSV_Handler                
000011a1  RTC_C_IRQHandler              
000011a1  SVC_Handler                   
000011a1  T32_INT1_IRQHandler           
000011a1  T32_INT2_IRQHandler           
000011a1  T32_INTC_IRQHandler           
000011a1  TA0_N_IRQHandler              
000011a1  TA1_0_IRQHandler              
000011a1  TA1_N_IRQHandler              
000011a1  TA2_0_IRQHandler              
000011a1  TA2_N_IRQHandler              
000011a1  TA3_0_IRQHandler              
000011a1  TA3_N_IRQHandler              
000011a1  UsageFault_Handler            
000011a1  WDT_A_IRQHandler              
000011a3  __TI_decompress_none          
000011b0  FSM                           
000012ac  lookup_table                  
000012c8  ClockFrequency                
000012cc  Prewait                       
000012d0  CPMwait                       
000012d4  Postwait                      
000012d8  IFlags                        
000012dc  Crystalstable                 
000012e0  SystemCoreClock               
000012e4  TimerA0Task                   
000012e8  sensor_state                  
000012ec  IRSensorInput                 
000012ed  MainCount                     
000012ee  index                         
000012f0  __stack                       
000014f0  __STACK_END                   
000014f0  interruptVectors              
000015d8  __TI_static_base__            
000015f4  __TI_Handler_Table_Base       
00001600  __TI_Handler_Table_Limit      
00001608  __TI_CINIT_Base               
00001618  __TI_CINIT_Limit              
ffffffff  __TI_pprof_out_hndl           
ffffffff  __TI_prof_data_size           
ffffffff  __TI_prof_data_start          
ffffffff  __binit__                     
ffffffff  __c_args__                    
ffffffff  binit                         
UNDEFED   __mpu_init                    
UNDEFED   _system_post_cinit            

[128 symbols]
