******************************************************************************
                  TI ARM Linker PC v20.2.7                     
******************************************************************************
>> Linked Tue Feb 27 01:50:51 2024

OUTPUT FILE NAME:   <ECE1188 LFR.out>
ENTRY POINT SYMBOL: "_c_int00_noargs"  address: 000009e5


MEMORY CONFIGURATION

         name            origin    length      used     unused   attr    fill
----------------------  --------  ---------  --------  --------  ----  --------
  RAM                   00000020   ffffffe0  000011cb  ffffee15  RWIX


SEGMENT ALLOCATION MAP

run origin  load origin   length   init length attrs members
----------  ----------- ---------- ----------- ----- -------
00000020    00000020    00000e8c   00000e8c    r-x
  00000020    00000020    00000a5c   00000a5c    r-x .text
  00000a7c    00000a7c    00000430   00000430    r-- .const
00000eac    00000eac    00000023   00000000    rw-
  00000eac    00000eac    0000001c   00000000    rw- .data
  00000ec8    00000ec8    00000007   00000000    rw- .bss
00000ed0    00000ed0    00000200   00000000    rw-
  00000ed0    00000ed0    00000200   00000000    rw- .stack
000010d0    000010d0    00000120   00000120    r--
  000010d0    000010d0    000000e4   000000e4    r-- .intvecs
  000011b8    000011b8    00000038   00000038    r-- .cinit


SECTION ALLOCATION MAP

 output                                  attributes/
section   page    origin      length       input sections
--------  ----  ----------  ----------   ----------------
.text      0    00000020    00000a5c     
                  00000020    00000334     system_msp432p401r.obj (.text)
                  00000354    000001e0     Clock.obj (.text)
                  00000534    000001b8     Reflectance.obj (.text)
                  000006ec    00000170     main.obj (.text)
                  0000085c    0000009c     rtsv7M4_T_le_v4SPD16_eabi.lib : memcpy_t2.asm.obj (.text)
                  000008f8    00000068                                   : copy_decompress_lzss.c.obj (.text:decompress:lzss:__TI_decompress_lzss)
                  00000960    00000044                                   : autoinit.c.obj (.text:__TI_auto_init_nobinit_nopinit:__TI_auto_init_nobinit_nopinit)
                  000009a4    00000040     SysTickInts.obj (.text)
                  000009e4    00000034     rtsv7M4_T_le_v4SPD16_eabi.lib : boot_cortex_m.c.obj (.text:_c_int00_noargs:_c_int00_noargs)
                  00000a18    00000024     CortexM.obj (.text)
                  00000a3c    0000001c     rtsv7M4_T_le_v4SPD16_eabi.lib : copy_zero_init.c.obj (.text:decompress:ZI:__TI_zero_init_nomemset:__TI_zero_init_nomemset)
                  00000a58    0000000e                                   : copy_decompress_none.c.obj (.text:decompress:none:__TI_decompress_none)
                  00000a66    0000000e     startup_msp432p401r_ccs.obj (.text)
                  00000a74    00000004     rtsv7M4_T_le_v4SPD16_eabi.lib : pre_init.c.obj (.text:_system_pre_init)
                  00000a78    00000004                                   : exit.c.obj (.text:abort:abort)

.const     0    00000a7c    00000430     
                  00000a7c    000002a0     main.obj (.const:FSM)
                  00000d1c    00000190     main.obj (.const:$P$T0$1)

.data      0    00000eac    0000001c     UNINITIALIZED
                  00000eac    00000018     Clock.obj (.data)
                  00000ec4    00000004     system_msp432p401r.obj (.data)

.bss       0    00000ec8    00000007     UNINITIALIZED
                  00000ec8    00000004     (.common:sensor_state)
                  00000ecc    00000001     (.common:IRSensorInput)
                  00000ecd    00000001     (.common:MainCount)
                  00000ece    00000001     (.common:index)

.cinit     0    000011b8    00000038     
                  000011b8    0000000d     (.cinit..data.load) [load image, compression = lzss]
                  000011c5    00000003     --HOLE-- [fill = 0]
                  000011c8    0000000c     (__TI_handler_table)
                  000011d4    00000004     --HOLE-- [fill = 0]
                  000011d8    00000008     (.cinit..bss.load) [load image, compression = zero_init]
                  000011e0    00000010     (__TI_cinit_table)

.init_array 
*          0    00000020    00000000     UNINITIALIZED

__llvm_prf_cnts 
*          0    00000020    00000000     UNINITIALIZED

.stack     0    00000ed0    00000200     UNINITIALIZED
                  00000ed0    00000004     rtsv7M4_T_le_v4SPD16_eabi.lib : boot_cortex_m.c.obj (.stack)
                  00000ed4    000001fc     --HOLE--

.intvecs   0    000010d0    000000e4     
                  000010d0    000000e4     startup_msp432p401r_ccs.obj (.intvecs:retain)

MODULE SUMMARY

       Module                        code   ro data   rw data
       ------                        ----   -------   -------
    .\
       main.obj                      368    1072      6      
       system_msp432p401r.obj        820    0         4      
       Clock.obj                     480    0         24     
       Reflectance.obj               440    0         1      
       startup_msp432p401r_ccs.obj   14     228       0      
       SysTickInts.obj               64     0         0      
       CortexM.obj                   36     0         0      
    +--+-----------------------------+------+---------+---------+
       Total:                        2222   1300      35     
                                                             
    C:\ti\ccs1260\ccs\tools\compiler\ti-cgt-arm_20.2.7.LTS\lib\rtsv7M4_T_le_v4SPD16_eabi.lib
       memcpy_t2.asm.obj             156    0         0      
       copy_decompress_lzss.c.obj    104    0         0      
       autoinit.c.obj                68     0         0      
       boot_cortex_m.c.obj           52     0         0      
       copy_zero_init.c.obj          28     0         0      
       copy_decompress_none.c.obj    14     0         0      
       exit.c.obj                    4      0         0      
       pre_init.c.obj                4      0         0      
    +--+-----------------------------+------+---------+---------+
       Total:                        430    0         0      
                                                             
       Stack:                        0      0         512    
       Linker Generated:             0      49        0      
    +--+-----------------------------+------+---------+---------+
       Grand Total:                  2652   1349      547    


LINKER GENERATED COPY TABLES

__TI_cinit_table @ 000011e0 records: 2, size/record: 8, table size: 16
	.data: load addr=000011b8, load size=0000000d bytes, run addr=00000eac, run size=0000001c bytes, compression=lzss
	.bss: load addr=000011d8, load size=00000008 bytes, run addr=00000ec8, run size=00000007 bytes, compression=zero_init


LINKER GENERATED HANDLER TABLE

__TI_handler_table @ 000011c8 records: 3, size/record: 4, table size: 12
	index: 0, handler: __TI_decompress_lzss
	index: 1, handler: __TI_decompress_none
	index: 2, handler: __TI_zero_init


GLOBAL SYMBOLS: SORTED ALPHABETICALLY BY Name 

address   name                          
-------   ----                          
00000a73  ADC14_IRQHandler              
00000a73  AES256_IRQHandler             
00000a73  BusFault_Handler              
00000a79  C$$EXIT                       
00000a73  COMP_E0_IRQHandler            
00000a73  COMP_E1_IRQHandler            
00000eb4  CPMwait                       
00000a73  CS_IRQHandler                 
00000eac  ClockFrequency                
000004a9  Clock_Delay1ms                
0000047f  Clock_Delay1us                
0000046b  Clock_GetFreq                 
00000355  Clock_Init48MHz               
00000ec0  Crystalstable                 
00000a73  DMA_ERR_IRQHandler            
00000a73  DMA_INT0_IRQHandler           
00000a73  DMA_INT1_IRQHandler           
00000a73  DMA_INT2_IRQHandler           
00000a73  DMA_INT3_IRQHandler           
00000a73  DebugMon_Handler              
00000a73  Default_Handler               
00000a19  DisableInterrupts             
00000a73  EUSCIA0_IRQHandler            
00000a73  EUSCIA1_IRQHandler            
00000a73  EUSCIA2_IRQHandler            
00000a73  EUSCIA3_IRQHandler            
00000a73  EUSCIB0_IRQHandler            
00000a73  EUSCIB1_IRQHandler            
00000a73  EUSCIB2_IRQHandler            
00000a73  EUSCIB3_IRQHandler            
00000a1f  EnableInterrupts              
00000a2f  EndCritical                   
00000a73  FLCTL_IRQHandler              
00000a73  FPU_IRQHandler                
00000a7c  FSM                           
00000a73  HardFault_Handler             
00000ebc  IFlags                        
00000ecc  IRSensorInput                 
00000ecd  MainCount                     
00000a73  MemManage_Handler             
00000a73  NMI_Handler                   
00000a73  PCM_IRQHandler                
00000a73  PORT1_IRQHandler              
00000a73  PORT2_IRQHandler              
00000a73  PORT3_IRQHandler              
00000a73  PORT4_IRQHandler              
00000a73  PORT5_IRQHandler              
00000a73  PORT6_IRQHandler              
00000a73  PSS_IRQHandler                
00000a73  PendSV_Handler                
000006ed  Port2_Init                    
00000eb8  Postwait                      
00000eb0  Prewait                       
00000a73  RTC_C_IRQHandler              
000005eb  Reflectance_End               
00000535  Reflectance_Init              
000005af  Reflectance_Start             
00000a67  Reset_Handler                 
00000a73  SVC_Handler                   
00000a25  StartCritical                 
00000721  SysTick_Handler               
00000721  SysTick_Handler               
000009a5  SysTick_Init                  
00000ec4  SystemCoreClock               
00000021  SystemCoreClockUpdate         
00000299  SystemInit                    
00000a73  T32_INT1_IRQHandler           
00000a73  T32_INT2_IRQHandler           
00000a73  T32_INTC_IRQHandler           
00000a73  TA0_0_IRQHandler              
00000a73  TA0_N_IRQHandler              
00000a73  TA1_0_IRQHandler              
00000a73  TA1_N_IRQHandler              
00000a73  TA2_0_IRQHandler              
00000a73  TA2_N_IRQHandler              
00000a73  TA3_0_IRQHandler              
00000a73  TA3_N_IRQHandler              
00000a73  UsageFault_Handler            
00000a73  WDT_A_IRQHandler              
00000a37  WaitForInterrupt              
000010d0  __STACK_END                   
00000200  __STACK_SIZE                  
000011e0  __TI_CINIT_Base               
000011f0  __TI_CINIT_Limit              
000011c8  __TI_Handler_Table_Base       
000011d4  __TI_Handler_Table_Limit      
00000961  __TI_auto_init_nobinit_nopinit
000008f9  __TI_decompress_lzss          
00000a59  __TI_decompress_none          
ffffffff  __TI_pprof_out_hndl           
ffffffff  __TI_prof_data_size           
ffffffff  __TI_prof_data_start          
000011b8  __TI_static_base__            
00000a3d  __TI_zero_init_nomemset       
0000085d  __aeabi_memcpy                
0000085d  __aeabi_memcpy4               
0000085d  __aeabi_memcpy8               
ffffffff  __binit__                     
ffffffff  __c_args__                    
UNDEFED   __mpu_init                    
00000ed0  __stack                       
00000020  __start___llvm_prf_cnts       
00000020  __stop___llvm_prf_cnts        
000009e5  _c_int00_noargs               
UNDEFED   _system_post_cinit            
00000a75  _system_pre_init              
00000a79  abort                         
ffffffff  binit                         
00000613  decision                      
00000471  delay                         
00000ece  index                         
000010d0  interruptVectors              
00000785  main                          
0000085d  memcpy                        
00000ec8  sensor_state                  


GLOBAL SYMBOLS: SORTED BY Symbol Address 

address   name                          
-------   ----                          
00000020  __start___llvm_prf_cnts       
00000020  __stop___llvm_prf_cnts        
00000021  SystemCoreClockUpdate         
00000200  __STACK_SIZE                  
00000299  SystemInit                    
00000355  Clock_Init48MHz               
0000046b  Clock_GetFreq                 
00000471  delay                         
0000047f  Clock_Delay1us                
000004a9  Clock_Delay1ms                
00000535  Reflectance_Init              
000005af  Reflectance_Start             
000005eb  Reflectance_End               
00000613  decision                      
000006ed  Port2_Init                    
00000721  SysTick_Handler               
00000721  SysTick_Handler               
00000785  main                          
0000085d  __aeabi_memcpy                
0000085d  __aeabi_memcpy4               
0000085d  __aeabi_memcpy8               
0000085d  memcpy                        
000008f9  __TI_decompress_lzss          
00000961  __TI_auto_init_nobinit_nopinit
000009a5  SysTick_Init                  
000009e5  _c_int00_noargs               
00000a19  DisableInterrupts             
00000a1f  EnableInterrupts              
00000a25  StartCritical                 
00000a2f  EndCritical                   
00000a37  WaitForInterrupt              
00000a3d  __TI_zero_init_nomemset       
00000a59  __TI_decompress_none          
00000a67  Reset_Handler                 
00000a73  ADC14_IRQHandler              
00000a73  AES256_IRQHandler             
00000a73  BusFault_Handler              
00000a73  COMP_E0_IRQHandler            
00000a73  COMP_E1_IRQHandler            
00000a73  CS_IRQHandler                 
00000a73  DMA_ERR_IRQHandler            
00000a73  DMA_INT0_IRQHandler           
00000a73  DMA_INT1_IRQHandler           
00000a73  DMA_INT2_IRQHandler           
00000a73  DMA_INT3_IRQHandler           
00000a73  DebugMon_Handler              
00000a73  Default_Handler               
00000a73  EUSCIA0_IRQHandler            
00000a73  EUSCIA1_IRQHandler            
00000a73  EUSCIA2_IRQHandler            
00000a73  EUSCIA3_IRQHandler            
00000a73  EUSCIB0_IRQHandler            
00000a73  EUSCIB1_IRQHandler            
00000a73  EUSCIB2_IRQHandler            
00000a73  EUSCIB3_IRQHandler            
00000a73  FLCTL_IRQHandler              
00000a73  FPU_IRQHandler                
00000a73  HardFault_Handler             
00000a73  MemManage_Handler             
00000a73  NMI_Handler                   
00000a73  PCM_IRQHandler                
00000a73  PORT1_IRQHandler              
00000a73  PORT2_IRQHandler              
00000a73  PORT3_IRQHandler              
00000a73  PORT4_IRQHandler              
00000a73  PORT5_IRQHandler              
00000a73  PORT6_IRQHandler              
00000a73  PSS_IRQHandler                
00000a73  PendSV_Handler                
00000a73  RTC_C_IRQHandler              
00000a73  SVC_Handler                   
00000a73  T32_INT1_IRQHandler           
00000a73  T32_INT2_IRQHandler           
00000a73  T32_INTC_IRQHandler           
00000a73  TA0_0_IRQHandler              
00000a73  TA0_N_IRQHandler              
00000a73  TA1_0_IRQHandler              
00000a73  TA1_N_IRQHandler              
00000a73  TA2_0_IRQHandler              
00000a73  TA2_N_IRQHandler              
00000a73  TA3_0_IRQHandler              
00000a73  TA3_N_IRQHandler              
00000a73  UsageFault_Handler            
00000a73  WDT_A_IRQHandler              
00000a75  _system_pre_init              
00000a79  C$$EXIT                       
00000a79  abort                         
00000a7c  FSM                           
00000eac  ClockFrequency                
00000eb0  Prewait                       
00000eb4  CPMwait                       
00000eb8  Postwait                      
00000ebc  IFlags                        
00000ec0  Crystalstable                 
00000ec4  SystemCoreClock               
00000ec8  sensor_state                  
00000ecc  IRSensorInput                 
00000ecd  MainCount                     
00000ece  index                         
00000ed0  __stack                       
000010d0  __STACK_END                   
000010d0  interruptVectors              
000011b8  __TI_static_base__            
000011c8  __TI_Handler_Table_Base       
000011d4  __TI_Handler_Table_Limit      
000011e0  __TI_CINIT_Base               
000011f0  __TI_CINIT_Limit              
ffffffff  __TI_pprof_out_hndl           
ffffffff  __TI_prof_data_size           
ffffffff  __TI_prof_data_start          
ffffffff  __binit__                     
ffffffff  __c_args__                    
ffffffff  binit                         
UNDEFED   __mpu_init                    
UNDEFED   _system_post_cinit            

[115 symbols]
