******************************************************************************
                  TI ARM Linker PC v20.2.7                     
******************************************************************************
>> Linked Mon Mar  4 02:48:12 2024

OUTPUT FILE NAME:   <ECE1188 LFR.out>
ENTRY POINT SYMBOL: "_c_int00_noargs"  address: 00000dd5


MEMORY CONFIGURATION

         name            origin    length      used     unused   attr    fill
----------------------  --------  ---------  --------  --------  ----  --------
  MAIN                  00000000   00040000  00000f8c  0003f074  R  X
  INFO                  00200000   00004000  00000000  00004000  R  X
  SRAM_CODE             01000000   00010000  00000237  0000fdc9  RW X
  SRAM_DATA             20000000   00010000  00000237  0000fdc9  RW  


SEGMENT ALLOCATION MAP

run origin  load origin   length   init length attrs members
----------  ----------- ---------- ----------- ----- -------
00000000    00000000    00000f90   00000f90    r-x
  00000000    00000000    000000e4   000000e4    r-- .intvecs
  000000e4    000000e4    00000d88   00000d88    r-x .text
  00000e6c    00000e6c    000000d8   000000d8    r-- .const
  00000f48    00000f48    00000048   00000048    r-- .cinit
20000000    20000000    00000037   00000000    rw-
  20000000    20000000    0000002c   00000000    rw- .data
  2000002c    2000002c    0000000b   00000000    rw- .bss
2000fe00    2000fe00    00000200   00000000    rw-
  2000fe00    2000fe00    00000200   00000000    rw- .stack


SECTION ALLOCATION MAP

 output                                  attributes/
section   page    origin      length       input sections
--------  ----  ----------  ----------   ----------------
.intvecs   0    00000000    000000e4     
                  00000000    000000e4     startup_msp432p401r_ccs.obj (.intvecs:retain)

.text      0    000000e4    00000d88     
                  000000e4    00000334     system_msp432p401r.obj (.text)
                  00000418    00000230     Reflectance.obj (.text)
                  00000648    000001e0     Clock.obj (.text)
                  00000828    000001b8     Motor.obj (.text)
                  000009e0    00000108     main.obj (.text)
                  00000ae8    000000b8     PWM.obj (.text)
                  00000ba0    000000ac     TimerA0.obj (.text)
                  00000c4c    0000009c     rtsv7M4_T_le_v4SPD16_eabi.lib : memcpy_t2.asm.obj (.text)
                  00000ce8    00000068                                   : copy_decompress_lzss.c.obj (.text:decompress:lzss:__TI_decompress_lzss)
                  00000d50    00000044                                   : autoinit.c.obj (.text:__TI_auto_init_nobinit_nopinit:__TI_auto_init_nobinit_nopinit)
                  00000d94    00000040     SysTickInts.obj (.text)
                  00000dd4    00000034     rtsv7M4_T_le_v4SPD16_eabi.lib : boot_cortex_m.c.obj (.text:_c_int00_noargs:_c_int00_noargs)
                  00000e08    00000024     CortexM.obj (.text)
                  00000e2c    0000001c     rtsv7M4_T_le_v4SPD16_eabi.lib : copy_zero_init.c.obj (.text:decompress:ZI:__TI_zero_init_nomemset:__TI_zero_init_nomemset)
                  00000e48    0000000e                                   : copy_decompress_none.c.obj (.text:decompress:none:__TI_decompress_none)
                  00000e56    0000000e     startup_msp432p401r_ccs.obj (.text)
                  00000e64    00000004     rtsv7M4_T_le_v4SPD16_eabi.lib : pre_init.c.obj (.text:_system_pre_init)
                  00000e68    00000004                                   : exit.c.obj (.text:abort:abort)

.const     0    00000e6c    000000d8     
                  00000e6c    000000d8     main.obj (.const:FSM)

.cinit     0    00000f48    00000048     
                  00000f48    0000001d     (.cinit..data.load) [load image, compression = lzss]
                  00000f65    00000003     --HOLE-- [fill = 0]
                  00000f68    0000000c     (__TI_handler_table)
                  00000f74    00000004     --HOLE-- [fill = 0]
                  00000f78    00000008     (.cinit..bss.load) [load image, compression = zero_init]
                  00000f80    00000010     (__TI_cinit_table)

.init_array 
*          0    00000000    00000000     UNINITIALIZED

.binit     0    00000000    00000000     

.data      0    20000000    0000002c     UNINITIALIZED
                  20000000    00000018     Clock.obj (.data)
                  20000018    00000010     main.obj (.data:lookup_table)
                  20000028    00000004     system_msp432p401r.obj (.data)

.bss       0    2000002c    0000000b     UNINITIALIZED
                  2000002c    00000004     (.common:TimerA0Task)
                  20000030    00000004     (.common:sensor_state)
                  20000034    00000001     (.common:IRSensorInput)
                  20000035    00000001     (.common:MainCount)
                  20000036    00000001     (.common:index)

.stack     0    2000fe00    00000200     UNINITIALIZED
                  2000fe00    00000004     rtsv7M4_T_le_v4SPD16_eabi.lib : boot_cortex_m.c.obj (.stack)
                  2000fe04    000001fc     --HOLE--

__llvm_prf_cnts 
*          0    20000000    00000000     UNINITIALIZED

MODULE SUMMARY

       Module                        code   ro data   rw data
       ------                        ----   -------   -------
    .\
       system_msp432p401r.obj        820    0         8      
       Reflectance.obj               560    0         0      
       Clock.obj                     480    0         48     
       main.obj                      264    216       46     
       Motor.obj                     440    0         0      
       startup_msp432p401r_ccs.obj   14     228       0      
       PWM.obj                       184    0         0      
       TimerA0.obj                   172    0         8      
       SysTickInts.obj               64     0         0      
       CortexM.obj                   36     0         0      
    +--+-----------------------------+------+---------+---------+
       Total:                        3034   444       110    
                                                             
    C:\ti\ccs1260\ccs\tools\compiler\ti-cgt-arm_20.2.7.LTS\lib\rtsv7M4_T_le_v4SPD16_eabi.lib
       memcpy_t2.asm.obj             156    0         0      
       copy_decompress_lzss.c.obj    104    0         0      
       autoinit.c.obj                68     0         0      
       boot_cortex_m.c.obj           52     0         0      
       copy_zero_init.c.obj          28     0         0      
       copy_decompress_none.c.obj    14     0         0      
       exit.c.obj                    4      0         0      
       pre_init.c.obj                4      0         0      
    +--+-----------------------------+------+---------+---------+
       Total:                        430    0         0      
                                                             
       Stack:                        0      0         1024   
       Linker Generated:             0      65        0      
    +--+-----------------------------+------+---------+---------+
       Grand Total:                  3464   509       1134   


LINKER GENERATED COPY TABLES

__TI_cinit_table @ 00000f80 records: 2, size/record: 8, table size: 16
	.data: load addr=00000f48, load size=0000001d bytes, run addr=20000000, run size=0000002c bytes, compression=lzss
	.bss: load addr=00000f78, load size=00000008 bytes, run addr=2000002c, run size=0000000b bytes, compression=zero_init


LINKER GENERATED HANDLER TABLE

__TI_handler_table @ 00000f68 records: 3, size/record: 4, table size: 12
	index: 0, handler: __TI_decompress_lzss
	index: 1, handler: __TI_decompress_none
	index: 2, handler: __TI_zero_init


GLOBAL SYMBOLS: SORTED ALPHABETICALLY BY Name 

address   name                          
-------   ----                          
00000e63  ADC14_IRQHandler              
00000e63  AES256_IRQHandler             
00000e63  BusFault_Handler              
00000e69  C$$EXIT                       
00000e63  COMP_E0_IRQHandler            
00000e63  COMP_E1_IRQHandler            
20000008  CPMwait                       
00000e63  CS_IRQHandler                 
20000000  ClockFrequency                
0000079d  Clock_Delay1ms                
00000773  Clock_Delay1us                
0000075f  Clock_GetFreq                 
00000649  Clock_Init48MHz               
20000014  Crystalstable                 
00000e63  DMA_ERR_IRQHandler            
00000e63  DMA_INT0_IRQHandler           
00000e63  DMA_INT1_IRQHandler           
00000e63  DMA_INT2_IRQHandler           
00000e63  DMA_INT3_IRQHandler           
00000e63  DebugMon_Handler              
00000e63  Default_Handler               
00000e09  DisableInterrupts             
00000e63  EUSCIA0_IRQHandler            
00000e63  EUSCIA1_IRQHandler            
00000e63  EUSCIA2_IRQHandler            
00000e63  EUSCIA3_IRQHandler            
00000e63  EUSCIB0_IRQHandler            
00000e63  EUSCIB1_IRQHandler            
00000e63  EUSCIB2_IRQHandler            
00000e63  EUSCIB3_IRQHandler            
00000e0f  EnableInterrupts              
00000e1f  EndCritical                   
00000e63  FLCTL_IRQHandler              
00000e63  FPU_IRQHandler                
00000e6c  FSM                           
00000e63  HardFault_Handler             
20000010  IFlags                        
20000034  IRSensorInput                 
20000035  MainCount                     
00000e63  MemManage_Handler             
00000979  Motor_Backward                
000008cd  Motor_Forward                 
00000829  Motor_Init                    
00000939  Motor_Left                    
000008f9  Motor_Right                   
0000089d  Motor_Stop                    
00000e63  NMI_Handler                   
00000e63  PCM_IRQHandler                
00000e63  PORT1_IRQHandler              
00000e63  PORT2_IRQHandler              
00000e63  PORT3_IRQHandler              
00000e63  PORT4_IRQHandler              
00000e63  PORT5_IRQHandler              
00000e63  PORT6_IRQHandler              
00000e63  PSS_IRQHandler                
00000b57  PWM_Duty34                    
00000ae9  PWM_Init34                    
00000e63  PendSV_Handler                
000009e1  Port2_Init                    
2000000c  Postwait                      
20000004  Prewait                       
00000e63  RTC_C_IRQHandler              
000004cf  Reflectance_End               
00000419  Reflectance_Init              
00000493  Reflectance_Start             
00000e57  Reset_Handler                 
00000e63  SVC_Handler                   
00000e15  StartCritical                 
00000a0b  SysTick_Handler               
00000a0b  SysTick_Handler               
00000d95  SysTick_Init                  
20000028  SystemCoreClock               
000000e5  SystemCoreClockUpdate         
0000035d  SystemInit                    
00000e63  T32_INT1_IRQHandler           
00000e63  T32_INT2_IRQHandler           
00000e63  T32_INTC_IRQHandler           
00000c1b  TA0_0_IRQHandler              
00000c1b  TA0_0_IRQHandler              
00000e63  TA0_N_IRQHandler              
00000e63  TA1_0_IRQHandler              
00000e63  TA1_N_IRQHandler              
00000e63  TA2_0_IRQHandler              
00000e63  TA2_N_IRQHandler              
00000e63  TA3_0_IRQHandler              
00000e63  TA3_N_IRQHandler              
2000002c  TimerA0Task                   
00000ba1  TimerA0_Init                  
00000c05  TimerA0_Stop                  
00000e63  UsageFault_Handler            
4000480c  WDTCTL_SYM                    
00000e63  WDT_A_IRQHandler              
00000e27  WaitForInterrupt              
20010000  __STACK_END                   
00000200  __STACK_SIZE                  
00000f80  __TI_CINIT_Base               
00000f90  __TI_CINIT_Limit              
00000f68  __TI_Handler_Table_Base       
00000f74  __TI_Handler_Table_Limit      
00000d51  __TI_auto_init_nobinit_nopinit
00000ce9  __TI_decompress_lzss          
00000e49  __TI_decompress_none          
ffffffff  __TI_pprof_out_hndl           
ffffffff  __TI_prof_data_size           
ffffffff  __TI_prof_data_start          
00000000  __TI_static_base__            
00000e2d  __TI_zero_init_nomemset       
00000c4d  __aeabi_memcpy                
00000c4d  __aeabi_memcpy4               
00000c4d  __aeabi_memcpy8               
ffffffff  __binit__                     
ffffffff  __c_args__                    
UNDEFED   __mpu_init                    
2000fe00  __stack                       
20000000  __start___llvm_prf_cnts       
20000000  __stop___llvm_prf_cnts        
00000dd5  _c_int00_noargs               
UNDEFED   _system_post_cinit            
00000e65  _system_pre_init              
00000e69  abort                         
ffffffff  binit                         
000004f9  decision                      
00000765  delay                         
20000036  index                         
00000000  interruptVectors              
20000018  lookup_table                  
00000a87  main                          
00000c4d  memcpy                        
20000030  sensor_state                  


GLOBAL SYMBOLS: SORTED BY Symbol Address 

address   name                          
-------   ----                          
00000000  __TI_static_base__            
00000000  interruptVectors              
000000e5  SystemCoreClockUpdate         
00000200  __STACK_SIZE                  
0000035d  SystemInit                    
00000419  Reflectance_Init              
00000493  Reflectance_Start             
000004cf  Reflectance_End               
000004f9  decision                      
00000649  Clock_Init48MHz               
0000075f  Clock_GetFreq                 
00000765  delay                         
00000773  Clock_Delay1us                
0000079d  Clock_Delay1ms                
00000829  Motor_Init                    
0000089d  Motor_Stop                    
000008cd  Motor_Forward                 
000008f9  Motor_Right                   
00000939  Motor_Left                    
00000979  Motor_Backward                
000009e1  Port2_Init                    
00000a0b  SysTick_Handler               
00000a0b  SysTick_Handler               
00000a87  main                          
00000ae9  PWM_Init34                    
00000b57  PWM_Duty34                    
00000ba1  TimerA0_Init                  
00000c05  TimerA0_Stop                  
00000c1b  TA0_0_IRQHandler              
00000c1b  TA0_0_IRQHandler              
00000c4d  __aeabi_memcpy                
00000c4d  __aeabi_memcpy4               
00000c4d  __aeabi_memcpy8               
00000c4d  memcpy                        
00000ce9  __TI_decompress_lzss          
00000d51  __TI_auto_init_nobinit_nopinit
00000d95  SysTick_Init                  
00000dd5  _c_int00_noargs               
00000e09  DisableInterrupts             
00000e0f  EnableInterrupts              
00000e15  StartCritical                 
00000e1f  EndCritical                   
00000e27  WaitForInterrupt              
00000e2d  __TI_zero_init_nomemset       
00000e49  __TI_decompress_none          
00000e57  Reset_Handler                 
00000e63  ADC14_IRQHandler              
00000e63  AES256_IRQHandler             
00000e63  BusFault_Handler              
00000e63  COMP_E0_IRQHandler            
00000e63  COMP_E1_IRQHandler            
00000e63  CS_IRQHandler                 
00000e63  DMA_ERR_IRQHandler            
00000e63  DMA_INT0_IRQHandler           
00000e63  DMA_INT1_IRQHandler           
00000e63  DMA_INT2_IRQHandler           
00000e63  DMA_INT3_IRQHandler           
00000e63  DebugMon_Handler              
00000e63  Default_Handler               
00000e63  EUSCIA0_IRQHandler            
00000e63  EUSCIA1_IRQHandler            
00000e63  EUSCIA2_IRQHandler            
00000e63  EUSCIA3_IRQHandler            
00000e63  EUSCIB0_IRQHandler            
00000e63  EUSCIB1_IRQHandler            
00000e63  EUSCIB2_IRQHandler            
00000e63  EUSCIB3_IRQHandler            
00000e63  FLCTL_IRQHandler              
00000e63  FPU_IRQHandler                
00000e63  HardFault_Handler             
00000e63  MemManage_Handler             
00000e63  NMI_Handler                   
00000e63  PCM_IRQHandler                
00000e63  PORT1_IRQHandler              
00000e63  PORT2_IRQHandler              
00000e63  PORT3_IRQHandler              
00000e63  PORT4_IRQHandler              
00000e63  PORT5_IRQHandler              
00000e63  PORT6_IRQHandler              
00000e63  PSS_IRQHandler                
00000e63  PendSV_Handler                
00000e63  RTC_C_IRQHandler              
00000e63  SVC_Handler                   
00000e63  T32_INT1_IRQHandler           
00000e63  T32_INT2_IRQHandler           
00000e63  T32_INTC_IRQHandler           
00000e63  TA0_N_IRQHandler              
00000e63  TA1_0_IRQHandler              
00000e63  TA1_N_IRQHandler              
00000e63  TA2_0_IRQHandler              
00000e63  TA2_N_IRQHandler              
00000e63  TA3_0_IRQHandler              
00000e63  TA3_N_IRQHandler              
00000e63  UsageFault_Handler            
00000e63  WDT_A_IRQHandler              
00000e65  _system_pre_init              
00000e69  C$$EXIT                       
00000e69  abort                         
00000e6c  FSM                           
00000f68  __TI_Handler_Table_Base       
00000f74  __TI_Handler_Table_Limit      
00000f80  __TI_CINIT_Base               
00000f90  __TI_CINIT_Limit              
20000000  ClockFrequency                
20000000  __start___llvm_prf_cnts       
20000000  __stop___llvm_prf_cnts        
20000004  Prewait                       
20000008  CPMwait                       
2000000c  Postwait                      
20000010  IFlags                        
20000014  Crystalstable                 
20000018  lookup_table                  
20000028  SystemCoreClock               
2000002c  TimerA0Task                   
20000030  sensor_state                  
20000034  IRSensorInput                 
20000035  MainCount                     
20000036  index                         
2000fe00  __stack                       
20010000  __STACK_END                   
4000480c  WDTCTL_SYM                    
ffffffff  __TI_pprof_out_hndl           
ffffffff  __TI_prof_data_size           
ffffffff  __TI_prof_data_start          
ffffffff  __binit__                     
ffffffff  __c_args__                    
ffffffff  binit                         
UNDEFED   __mpu_init                    
UNDEFED   _system_post_cinit            

[129 symbols]
