******************************************************************************
                  TI ARM Linker PC v20.2.7                     
******************************************************************************
>> Linked Sat Feb 24 00:38:29 2024

OUTPUT FILE NAME:   <ECE1188 LFR.out>
ENTRY POINT SYMBOL: "_c_int00_noargs"  address: 0000049d


MEMORY CONFIGURATION

         name            origin    length      used     unused   attr    fill
----------------------  --------  ---------  --------  --------  ----  --------
  RAM                   00000020   ffffffe0  000007d8  fffff808  RWIX


SEGMENT ALLOCATION MAP

run origin  load origin   length   init length attrs members
----------  ----------- ---------- ----------- ----- -------
00000020    00000020    000004d8   000004d8    r-x
  00000020    00000020    000004d8   000004d8    r-x .text
000004f8    000004f8    00000208   00000000    rw-
  000004f8    000004f8    00000004   00000000    rw- .data
  00000500    00000500    00000200   00000000    rw- .stack
00000700    00000700    00000100   00000100    r--
  00000700    00000700    000000e4   000000e4    r-- .intvecs
  000007e8    000007e8    00000018   00000018    r-- .cinit


SECTION ALLOCATION MAP

 output                                  attributes/
section   page    origin      length       input sections
--------  ----  ----------  ----------   ----------------
.text      0    00000020    000004d8     
                  00000020    00000334     system_msp432p401r.obj (.text)
                  00000354    0000009c     rtsv7M4_T_le_v4SPD16_eabi.lib : memcpy_t2.asm.obj (.text)
                  000003f0    00000068                                   : copy_decompress_lzss.c.obj (.text:decompress:lzss:__TI_decompress_lzss)
                  00000458    00000044                                   : autoinit.c.obj (.text:__TI_auto_init_nobinit_nopinit:__TI_auto_init_nobinit_nopinit)
                  0000049c    00000034                                   : boot_cortex_m.c.obj (.text:_c_int00_noargs:_c_int00_noargs)
                  000004d0    0000000e                                   : copy_decompress_none.c.obj (.text:decompress:none:__TI_decompress_none)
                  000004de    0000000e     startup_msp432p401r_ccs.obj (.text)
                  000004ec    00000004     rtsv7M4_T_le_v4SPD16_eabi.lib : pre_init.c.obj (.text:_system_pre_init)
                  000004f0    00000004                                   : exit.c.obj (.text:abort:abort)
                  000004f4    00000004     main.obj (.text)

.data      0    000004f8    00000004     UNINITIALIZED
                  000004f8    00000004     system_msp432p401r.obj (.data)

.cinit     0    000007e8    00000018     
                  000007e8    00000008     (.cinit..data.load) [load image, compression = lzss]
                  000007f0    00000008     (__TI_handler_table)
                  000007f8    00000008     (__TI_cinit_table)

.init_array 
*          0    00000020    00000000     UNINITIALIZED

__llvm_prf_cnts 
*          0    00000020    00000000     UNINITIALIZED

.stack     0    00000500    00000200     UNINITIALIZED
                  00000500    00000004     rtsv7M4_T_le_v4SPD16_eabi.lib : boot_cortex_m.c.obj (.stack)
                  00000504    000001fc     --HOLE--

.intvecs   0    00000700    000000e4     
                  00000700    000000e4     startup_msp432p401r_ccs.obj (.intvecs:retain)

MODULE SUMMARY

       Module                        code   ro data   rw data
       ------                        ----   -------   -------
    .\
       system_msp432p401r.obj        820    0         4      
       startup_msp432p401r_ccs.obj   14     228       0      
       main.obj                      4      0         0      
    +--+-----------------------------+------+---------+---------+
       Total:                        838    228       4      
                                                             
    C:\ti\ccs1260\ccs\tools\compiler\ti-cgt-arm_20.2.7.LTS\lib\rtsv7M4_T_le_v4SPD16_eabi.lib
       memcpy_t2.asm.obj             156    0         0      
       copy_decompress_lzss.c.obj    104    0         0      
       autoinit.c.obj                68     0         0      
       boot_cortex_m.c.obj           52     0         0      
       copy_decompress_none.c.obj    14     0         0      
       exit.c.obj                    4      0         0      
       pre_init.c.obj                4      0         0      
    +--+-----------------------------+------+---------+---------+
       Total:                        402    0         0      
                                                             
       Stack:                        0      0         512    
       Linker Generated:             0      24        0      
    +--+-----------------------------+------+---------+---------+
       Grand Total:                  1240   252       516    


LINKER GENERATED COPY TABLES

__TI_cinit_table @ 000007f8 records: 1, size/record: 8, table size: 8
	.data: load addr=000007e8, load size=00000008 bytes, run addr=000004f8, run size=00000004 bytes, compression=lzss


LINKER GENERATED HANDLER TABLE

__TI_handler_table @ 000007f0 records: 2, size/record: 4, table size: 8
	index: 0, handler: __TI_decompress_lzss
	index: 1, handler: __TI_decompress_none


GLOBAL SYMBOLS: SORTED ALPHABETICALLY BY Name 

address   name                          
-------   ----                          
000004eb  ADC14_IRQHandler              
000004eb  AES256_IRQHandler             
000004eb  BusFault_Handler              
000004f1  C$$EXIT                       
000004eb  COMP_E0_IRQHandler            
000004eb  COMP_E1_IRQHandler            
000004eb  CS_IRQHandler                 
000004eb  DMA_ERR_IRQHandler            
000004eb  DMA_INT0_IRQHandler           
000004eb  DMA_INT1_IRQHandler           
000004eb  DMA_INT2_IRQHandler           
000004eb  DMA_INT3_IRQHandler           
000004eb  DebugMon_Handler              
000004eb  Default_Handler               
000004eb  EUSCIA0_IRQHandler            
000004eb  EUSCIA1_IRQHandler            
000004eb  EUSCIA2_IRQHandler            
000004eb  EUSCIA3_IRQHandler            
000004eb  EUSCIB0_IRQHandler            
000004eb  EUSCIB1_IRQHandler            
000004eb  EUSCIB2_IRQHandler            
000004eb  EUSCIB3_IRQHandler            
000004eb  FLCTL_IRQHandler              
000004eb  FPU_IRQHandler                
000004eb  HardFault_Handler             
000004eb  MemManage_Handler             
000004eb  NMI_Handler                   
000004eb  PCM_IRQHandler                
000004eb  PORT1_IRQHandler              
000004eb  PORT2_IRQHandler              
000004eb  PORT3_IRQHandler              
000004eb  PORT4_IRQHandler              
000004eb  PORT5_IRQHandler              
000004eb  PORT6_IRQHandler              
000004eb  PSS_IRQHandler                
000004eb  PendSV_Handler                
000004eb  RTC_C_IRQHandler              
000004df  Reset_Handler                 
000004eb  SVC_Handler                   
000004eb  SysTick_Handler               
000004f8  SystemCoreClock               
00000021  SystemCoreClockUpdate         
00000299  SystemInit                    
000004eb  T32_INT1_IRQHandler           
000004eb  T32_INT2_IRQHandler           
000004eb  T32_INTC_IRQHandler           
000004eb  TA0_0_IRQHandler              
000004eb  TA0_N_IRQHandler              
000004eb  TA1_0_IRQHandler              
000004eb  TA1_N_IRQHandler              
000004eb  TA2_0_IRQHandler              
000004eb  TA2_N_IRQHandler              
000004eb  TA3_0_IRQHandler              
000004eb  TA3_N_IRQHandler              
000004eb  UsageFault_Handler            
000004eb  WDT_A_IRQHandler              
00000700  __STACK_END                   
00000200  __STACK_SIZE                  
000007f8  __TI_CINIT_Base               
00000800  __TI_CINIT_Limit              
000007f0  __TI_Handler_Table_Base       
000007f8  __TI_Handler_Table_Limit      
00000459  __TI_auto_init_nobinit_nopinit
000003f1  __TI_decompress_lzss          
000004d1  __TI_decompress_none          
ffffffff  __TI_pprof_out_hndl           
ffffffff  __TI_prof_data_size           
ffffffff  __TI_prof_data_start          
000007e8  __TI_static_base__            
00000355  __aeabi_memcpy                
00000355  __aeabi_memcpy4               
00000355  __aeabi_memcpy8               
ffffffff  __binit__                     
ffffffff  __c_args__                    
UNDEFED   __mpu_init                    
00000500  __stack                       
00000020  __start___llvm_prf_cnts       
00000020  __stop___llvm_prf_cnts        
0000049d  _c_int00_noargs               
UNDEFED   _system_post_cinit            
000004ed  _system_pre_init              
000004f1  abort                         
ffffffff  binit                         
00000700  interruptVectors              
000004f5  main                          
00000355  memcpy                        


GLOBAL SYMBOLS: SORTED BY Symbol Address 

address   name                          
-------   ----                          
00000020  __start___llvm_prf_cnts       
00000020  __stop___llvm_prf_cnts        
00000021  SystemCoreClockUpdate         
00000200  __STACK_SIZE                  
00000299  SystemInit                    
00000355  __aeabi_memcpy                
00000355  __aeabi_memcpy4               
00000355  __aeabi_memcpy8               
00000355  memcpy                        
000003f1  __TI_decompress_lzss          
00000459  __TI_auto_init_nobinit_nopinit
0000049d  _c_int00_noargs               
000004d1  __TI_decompress_none          
000004df  Reset_Handler                 
000004eb  ADC14_IRQHandler              
000004eb  AES256_IRQHandler             
000004eb  BusFault_Handler              
000004eb  COMP_E0_IRQHandler            
000004eb  COMP_E1_IRQHandler            
000004eb  CS_IRQHandler                 
000004eb  DMA_ERR_IRQHandler            
000004eb  DMA_INT0_IRQHandler           
000004eb  DMA_INT1_IRQHandler           
000004eb  DMA_INT2_IRQHandler           
000004eb  DMA_INT3_IRQHandler           
000004eb  DebugMon_Handler              
000004eb  Default_Handler               
000004eb  EUSCIA0_IRQHandler            
000004eb  EUSCIA1_IRQHandler            
000004eb  EUSCIA2_IRQHandler            
000004eb  EUSCIA3_IRQHandler            
000004eb  EUSCIB0_IRQHandler            
000004eb  EUSCIB1_IRQHandler            
000004eb  EUSCIB2_IRQHandler            
000004eb  EUSCIB3_IRQHandler            
000004eb  FLCTL_IRQHandler              
000004eb  FPU_IRQHandler                
000004eb  HardFault_Handler             
000004eb  MemManage_Handler             
000004eb  NMI_Handler                   
000004eb  PCM_IRQHandler                
000004eb  PORT1_IRQHandler              
000004eb  PORT2_IRQHandler              
000004eb  PORT3_IRQHandler              
000004eb  PORT4_IRQHandler              
000004eb  PORT5_IRQHandler              
000004eb  PORT6_IRQHandler              
000004eb  PSS_IRQHandler                
000004eb  PendSV_Handler                
000004eb  RTC_C_IRQHandler              
000004eb  SVC_Handler                   
000004eb  SysTick_Handler               
000004eb  T32_INT1_IRQHandler           
000004eb  T32_INT2_IRQHandler           
000004eb  T32_INTC_IRQHandler           
000004eb  TA0_0_IRQHandler              
000004eb  TA0_N_IRQHandler              
000004eb  TA1_0_IRQHandler              
000004eb  TA1_N_IRQHandler              
000004eb  TA2_0_IRQHandler              
000004eb  TA2_N_IRQHandler              
000004eb  TA3_0_IRQHandler              
000004eb  TA3_N_IRQHandler              
000004eb  UsageFault_Handler            
000004eb  WDT_A_IRQHandler              
000004ed  _system_pre_init              
000004f1  C$$EXIT                       
000004f1  abort                         
000004f5  main                          
000004f8  SystemCoreClock               
00000500  __stack                       
00000700  __STACK_END                   
00000700  interruptVectors              
000007e8  __TI_static_base__            
000007f0  __TI_Handler_Table_Base       
000007f8  __TI_CINIT_Base               
000007f8  __TI_Handler_Table_Limit      
00000800  __TI_CINIT_Limit              
ffffffff  __TI_pprof_out_hndl           
ffffffff  __TI_prof_data_size           
ffffffff  __TI_prof_data_start          
ffffffff  __binit__                     
ffffffff  __c_args__                    
ffffffff  binit                         
UNDEFED   __mpu_init                    
UNDEFED   _system_post_cinit            

[86 symbols]
