******************************************************************************
                  TI ARM Linker PC v20.2.7                     
******************************************************************************
>> Linked Tue Feb 27 13:06:22 2024

OUTPUT FILE NAME:   <ECE1188 LFR.out>
ENTRY POINT SYMBOL: "_c_int00_noargs"  address: 00000a31


MEMORY CONFIGURATION

         name            origin    length      used     unused   attr    fill
----------------------  --------  ---------  --------  --------  ----  --------
  MAIN                  00000000   00040000  00000da0  0003f260  R  X
  INFO                  00200000   00004000  00000000  00004000  R  X
  SRAM_CODE             01000000   00010000  00000223  0000fddd  RW X
  SRAM_DATA             20000000   00010000  00000223  0000fddd  RW  


SEGMENT ALLOCATION MAP

run origin  load origin   length   init length attrs members
----------  ----------- ---------- ----------- ----- -------
00000000    00000000    00000da0   00000da0    r-x
  00000000    00000000    000000e4   000000e4    r-- .intvecs
  000000e4    000000e4    000009e4   000009e4    r-x .text
  00000ac8    00000ac8    000002a0   000002a0    r-- .const
  00000d68    00000d68    00000038   00000038    r-- .cinit
20000000    20000000    00000023   00000000    rw-
  20000000    20000000    0000001c   00000000    rw- .data
  2000001c    2000001c    00000007   00000000    rw- .bss
2000fe00    2000fe00    00000200   00000000    rw-
  2000fe00    2000fe00    00000200   00000000    rw- .stack


SECTION ALLOCATION MAP

 output                                  attributes/
section   page    origin      length       input sections
--------  ----  ----------  ----------   ----------------
.intvecs   0    00000000    000000e4     
                  00000000    000000e4     startup_msp432p401r_ccs.obj (.intvecs:retain)

.text      0    000000e4    000009e4     
                  000000e4    00000334     system_msp432p401r.obj (.text)
                  00000418    000001e0     Clock.obj (.text)
                  000005f8    000001c0     Reflectance.obj (.text)
                  000007b8    000000f0     main.obj (.text)
                  000008a8    0000009c     rtsv7M4_T_le_v4SPD16_eabi.lib : memcpy_t2.asm.obj (.text)
                  00000944    00000068                                   : copy_decompress_lzss.c.obj (.text:decompress:lzss:__TI_decompress_lzss)
                  000009ac    00000044                                   : autoinit.c.obj (.text:__TI_auto_init_nobinit_nopinit:__TI_auto_init_nobinit_nopinit)
                  000009f0    00000040     SysTickInts.obj (.text)
                  00000a30    00000034     rtsv7M4_T_le_v4SPD16_eabi.lib : boot_cortex_m.c.obj (.text:_c_int00_noargs:_c_int00_noargs)
                  00000a64    00000024     CortexM.obj (.text)
                  00000a88    0000001c     rtsv7M4_T_le_v4SPD16_eabi.lib : copy_zero_init.c.obj (.text:decompress:ZI:__TI_zero_init_nomemset:__TI_zero_init_nomemset)
                  00000aa4    0000000e                                   : copy_decompress_none.c.obj (.text:decompress:none:__TI_decompress_none)
                  00000ab2    0000000e     startup_msp432p401r_ccs.obj (.text)
                  00000ac0    00000004     rtsv7M4_T_le_v4SPD16_eabi.lib : pre_init.c.obj (.text:_system_pre_init)
                  00000ac4    00000004                                   : exit.c.obj (.text:abort:abort)

.const     0    00000ac8    000002a0     
                  00000ac8    000002a0     main.obj (.const:FSM)

.cinit     0    00000d68    00000038     
                  00000d68    0000000d     (.cinit..data.load) [load image, compression = lzss]
                  00000d75    00000003     --HOLE-- [fill = 0]
                  00000d78    0000000c     (__TI_handler_table)
                  00000d84    00000004     --HOLE-- [fill = 0]
                  00000d88    00000008     (.cinit..bss.load) [load image, compression = zero_init]
                  00000d90    00000010     (__TI_cinit_table)

.init_array 
*          0    00000000    00000000     UNINITIALIZED

.binit     0    00000000    00000000     

.data      0    20000000    0000001c     UNINITIALIZED
                  20000000    00000018     Clock.obj (.data)
                  20000018    00000004     system_msp432p401r.obj (.data)

.bss       0    2000001c    00000007     UNINITIALIZED
                  2000001c    00000004     (.common:sensor_state)
                  20000020    00000001     (.common:IRSensorInput)
                  20000021    00000001     (.common:MainCount)
                  20000022    00000001     (.common:index)

.stack     0    2000fe00    00000200     UNINITIALIZED
                  2000fe00    00000004     rtsv7M4_T_le_v4SPD16_eabi.lib : boot_cortex_m.c.obj (.stack)
                  2000fe04    000001fc     --HOLE--

__llvm_prf_cnts 
*          0    20000000    00000000     UNINITIALIZED

MODULE SUMMARY

       Module                        code   ro data   rw data
       ------                        ----   -------   -------
    .\
       main.obj                      240    672       12     
       system_msp432p401r.obj        820    0         8      
       Clock.obj                     480    0         48     
       Reflectance.obj               448    0         2      
       startup_msp432p401r_ccs.obj   14     228       0      
       SysTickInts.obj               64     0         0      
       CortexM.obj                   36     0         0      
    +--+-----------------------------+------+---------+---------+
       Total:                        2102   900       70     
                                                             
    C:\ti\ccs1260\ccs\tools\compiler\ti-cgt-arm_20.2.7.LTS\lib\rtsv7M4_T_le_v4SPD16_eabi.lib
       memcpy_t2.asm.obj             156    0         0      
       copy_decompress_lzss.c.obj    104    0         0      
       autoinit.c.obj                68     0         0      
       boot_cortex_m.c.obj           52     0         0      
       copy_zero_init.c.obj          28     0         0      
       copy_decompress_none.c.obj    14     0         0      
       exit.c.obj                    4      0         0      
       pre_init.c.obj                4      0         0      
    +--+-----------------------------+------+---------+---------+
       Total:                        430    0         0      
                                                             
       Stack:                        0      0         1024   
       Linker Generated:             0      49        0      
    +--+-----------------------------+------+---------+---------+
       Grand Total:                  2532   949       1094   


LINKER GENERATED COPY TABLES

__TI_cinit_table @ 00000d90 records: 2, size/record: 8, table size: 16
	.data: load addr=00000d68, load size=0000000d bytes, run addr=20000000, run size=0000001c bytes, compression=lzss
	.bss: load addr=00000d88, load size=00000008 bytes, run addr=2000001c, run size=00000007 bytes, compression=zero_init


LINKER GENERATED HANDLER TABLE

__TI_handler_table @ 00000d78 records: 3, size/record: 4, table size: 12
	index: 0, handler: __TI_decompress_lzss
	index: 1, handler: __TI_decompress_none
	index: 2, handler: __TI_zero_init


GLOBAL SYMBOLS: SORTED ALPHABETICALLY BY Name 

address   name                          
-------   ----                          
00000abf  ADC14_IRQHandler              
00000abf  AES256_IRQHandler             
00000abf  BusFault_Handler              
00000ac5  C$$EXIT                       
00000abf  COMP_E0_IRQHandler            
00000abf  COMP_E1_IRQHandler            
20000008  CPMwait                       
00000abf  CS_IRQHandler                 
20000000  ClockFrequency                
0000056d  Clock_Delay1ms                
00000543  Clock_Delay1us                
0000052f  Clock_GetFreq                 
00000419  Clock_Init48MHz               
20000014  Crystalstable                 
00000abf  DMA_ERR_IRQHandler            
00000abf  DMA_INT0_IRQHandler           
00000abf  DMA_INT1_IRQHandler           
00000abf  DMA_INT2_IRQHandler           
00000abf  DMA_INT3_IRQHandler           
00000abf  DebugMon_Handler              
00000abf  Default_Handler               
00000a65  DisableInterrupts             
00000abf  EUSCIA0_IRQHandler            
00000abf  EUSCIA1_IRQHandler            
00000abf  EUSCIA2_IRQHandler            
00000abf  EUSCIA3_IRQHandler            
00000abf  EUSCIB0_IRQHandler            
00000abf  EUSCIB1_IRQHandler            
00000abf  EUSCIB2_IRQHandler            
00000abf  EUSCIB3_IRQHandler            
00000a6b  EnableInterrupts              
00000a7b  EndCritical                   
00000abf  FLCTL_IRQHandler              
00000abf  FPU_IRQHandler                
00000ac8  FSM                           
00000abf  HardFault_Handler             
20000010  IFlags                        
20000020  IRSensorInput                 
20000021  MainCount                     
00000abf  MemManage_Handler             
00000abf  NMI_Handler                   
00000abf  PCM_IRQHandler                
00000abf  PORT1_IRQHandler              
00000abf  PORT2_IRQHandler              
00000abf  PORT3_IRQHandler              
00000abf  PORT4_IRQHandler              
00000abf  PORT5_IRQHandler              
00000abf  PORT6_IRQHandler              
00000abf  PSS_IRQHandler                
00000abf  PendSV_Handler                
000007b9  Port2_Init                    
2000000c  Postwait                      
20000004  Prewait                       
00000abf  RTC_C_IRQHandler              
000006af  Reflectance_End               
000005f9  Reflectance_Init              
00000673  Reflectance_Start             
00000ab3  Reset_Handler                 
00000abf  SVC_Handler                   
00000a71  StartCritical                 
000007ed  SysTick_Handler               
000007ed  SysTick_Handler               
000009f1  SysTick_Init                  
20000018  SystemCoreClock               
000000e5  SystemCoreClockUpdate         
0000035d  SystemInit                    
00000abf  T32_INT1_IRQHandler           
00000abf  T32_INT2_IRQHandler           
00000abf  T32_INTC_IRQHandler           
00000abf  TA0_0_IRQHandler              
00000abf  TA0_N_IRQHandler              
00000abf  TA1_0_IRQHandler              
00000abf  TA1_N_IRQHandler              
00000abf  TA2_0_IRQHandler              
00000abf  TA2_N_IRQHandler              
00000abf  TA3_0_IRQHandler              
00000abf  TA3_N_IRQHandler              
00000abf  UsageFault_Handler            
4000480c  WDTCTL_SYM                    
00000abf  WDT_A_IRQHandler              
00000a83  WaitForInterrupt              
20010000  __STACK_END                   
00000200  __STACK_SIZE                  
00000d90  __TI_CINIT_Base               
00000da0  __TI_CINIT_Limit              
00000d78  __TI_Handler_Table_Base       
00000d84  __TI_Handler_Table_Limit      
000009ad  __TI_auto_init_nobinit_nopinit
00000945  __TI_decompress_lzss          
00000aa5  __TI_decompress_none          
ffffffff  __TI_pprof_out_hndl           
ffffffff  __TI_prof_data_size           
ffffffff  __TI_prof_data_start          
00000000  __TI_static_base__            
00000a89  __TI_zero_init_nomemset       
000008a9  __aeabi_memcpy                
000008a9  __aeabi_memcpy4               
000008a9  __aeabi_memcpy8               
ffffffff  __binit__                     
ffffffff  __c_args__                    
UNDEFED   __mpu_init                    
2000fe00  __stack                       
20000000  __start___llvm_prf_cnts       
20000000  __stop___llvm_prf_cnts        
00000a31  _c_int00_noargs               
UNDEFED   _system_post_cinit            
00000ac1  _system_pre_init              
00000ac5  abort                         
ffffffff  binit                         
000006d7  decision                      
00000535  delay                         
20000022  index                         
00000000  interruptVectors              
00000851  main                          
000008a9  memcpy                        
2000001c  sensor_state                  


GLOBAL SYMBOLS: SORTED BY Symbol Address 

address   name                          
-------   ----                          
00000000  __TI_static_base__            
00000000  interruptVectors              
000000e5  SystemCoreClockUpdate         
00000200  __STACK_SIZE                  
0000035d  SystemInit                    
00000419  Clock_Init48MHz               
0000052f  Clock_GetFreq                 
00000535  delay                         
00000543  Clock_Delay1us                
0000056d  Clock_Delay1ms                
000005f9  Reflectance_Init              
00000673  Reflectance_Start             
000006af  Reflectance_End               
000006d7  decision                      
000007b9  Port2_Init                    
000007ed  SysTick_Handler               
000007ed  SysTick_Handler               
00000851  main                          
000008a9  __aeabi_memcpy                
000008a9  __aeabi_memcpy4               
000008a9  __aeabi_memcpy8               
000008a9  memcpy                        
00000945  __TI_decompress_lzss          
000009ad  __TI_auto_init_nobinit_nopinit
000009f1  SysTick_Init                  
00000a31  _c_int00_noargs               
00000a65  DisableInterrupts             
00000a6b  EnableInterrupts              
00000a71  StartCritical                 
00000a7b  EndCritical                   
00000a83  WaitForInterrupt              
00000a89  __TI_zero_init_nomemset       
00000aa5  __TI_decompress_none          
00000ab3  Reset_Handler                 
00000abf  ADC14_IRQHandler              
00000abf  AES256_IRQHandler             
00000abf  BusFault_Handler              
00000abf  COMP_E0_IRQHandler            
00000abf  COMP_E1_IRQHandler            
00000abf  CS_IRQHandler                 
00000abf  DMA_ERR_IRQHandler            
00000abf  DMA_INT0_IRQHandler           
00000abf  DMA_INT1_IRQHandler           
00000abf  DMA_INT2_IRQHandler           
00000abf  DMA_INT3_IRQHandler           
00000abf  DebugMon_Handler              
00000abf  Default_Handler               
00000abf  EUSCIA0_IRQHandler            
00000abf  EUSCIA1_IRQHandler            
00000abf  EUSCIA2_IRQHandler            
00000abf  EUSCIA3_IRQHandler            
00000abf  EUSCIB0_IRQHandler            
00000abf  EUSCIB1_IRQHandler            
00000abf  EUSCIB2_IRQHandler            
00000abf  EUSCIB3_IRQHandler            
00000abf  FLCTL_IRQHandler              
00000abf  FPU_IRQHandler                
00000abf  HardFault_Handler             
00000abf  MemManage_Handler             
00000abf  NMI_Handler                   
00000abf  PCM_IRQHandler                
00000abf  PORT1_IRQHandler              
00000abf  PORT2_IRQHandler              
00000abf  PORT3_IRQHandler              
00000abf  PORT4_IRQHandler              
00000abf  PORT5_IRQHandler              
00000abf  PORT6_IRQHandler              
00000abf  PSS_IRQHandler                
00000abf  PendSV_Handler                
00000abf  RTC_C_IRQHandler              
00000abf  SVC_Handler                   
00000abf  T32_INT1_IRQHandler           
00000abf  T32_INT2_IRQHandler           
00000abf  T32_INTC_IRQHandler           
00000abf  TA0_0_IRQHandler              
00000abf  TA0_N_IRQHandler              
00000abf  TA1_0_IRQHandler              
00000abf  TA1_N_IRQHandler              
00000abf  TA2_0_IRQHandler              
00000abf  TA2_N_IRQHandler              
00000abf  TA3_0_IRQHandler              
00000abf  TA3_N_IRQHandler              
00000abf  UsageFault_Handler            
00000abf  WDT_A_IRQHandler              
00000ac1  _system_pre_init              
00000ac5  C$$EXIT                       
00000ac5  abort                         
00000ac8  FSM                           
00000d78  __TI_Handler_Table_Base       
00000d84  __TI_Handler_Table_Limit      
00000d90  __TI_CINIT_Base               
00000da0  __TI_CINIT_Limit              
20000000  ClockFrequency                
20000000  __start___llvm_prf_cnts       
20000000  __stop___llvm_prf_cnts        
20000004  Prewait                       
20000008  CPMwait                       
2000000c  Postwait                      
20000010  IFlags                        
20000014  Crystalstable                 
20000018  SystemCoreClock               
2000001c  sensor_state                  
20000020  IRSensorInput                 
20000021  MainCount                     
20000022  index                         
2000fe00  __stack                       
20010000  __STACK_END                   
4000480c  WDTCTL_SYM                    
ffffffff  __TI_pprof_out_hndl           
ffffffff  __TI_prof_data_size           
ffffffff  __TI_prof_data_start          
ffffffff  __binit__                     
ffffffff  __c_args__                    
ffffffff  binit                         
UNDEFED   __mpu_init                    
UNDEFED   _system_post_cinit            

[116 symbols]
