******************************************************************************
                  TI ARM Linker PC v20.2.7                     
******************************************************************************
>> Linked Mon Mar  4 12:15:49 2024

OUTPUT FILE NAME:   <ECE1188 LFR.out>
ENTRY POINT SYMBOL: "_c_int00_noargs"  address: 00000ded


MEMORY CONFIGURATION

         name            origin    length      used     unused   attr    fill
----------------------  --------  ---------  --------  --------  ----  --------
  MAIN                  00000000   00040000  0000124c  0003edb4  R  X
  INFO                  00200000   00004000  00000000  00004000  R  X
  SRAM_CODE             01000000   00010000  0000025f  0000fda1  RW X
  SRAM_DATA             20000000   00010000  0000025f  0000fda1  RW  


SEGMENT ALLOCATION MAP

run origin  load origin   length   init length attrs members
----------  ----------- ---------- ----------- ----- -------
00000000    00000000    00001250   00001250    r-x
  00000000    00000000    000000e4   000000e4    r-- .intvecs
  000000e4    000000e4    00000da0   00000da0    r-x .text
  00000e84    00000e84    00000380   00000380    r-- .const
  00001208    00001208    00000048   00000048    r-- .cinit
20000000    20000000    0000005f   00000000    rw-
  20000000    20000000    00000054   00000000    rw- .data
  20000054    20000054    0000000b   00000000    rw- .bss
2000fe00    2000fe00    00000200   00000000    rw-
  2000fe00    2000fe00    00000200   00000000    rw- .stack


SECTION ALLOCATION MAP

 output                                  attributes/
section   page    origin      length       input sections
--------  ----  ----------  ----------   ----------------
.intvecs   0    00000000    000000e4     
                  00000000    000000e4     startup_msp432p401r_ccs.obj (.intvecs:retain)

.text      0    000000e4    00000da0     
                  000000e4    00000334     system_msp432p401r.obj (.text)
                  00000418    00000248     Reflectance.obj (.text)
                  00000660    000001e0     Clock.obj (.text)
                  00000840    000001b4     Motor.obj (.text)
                  000009f4    0000010c     main.obj (.text)
                  00000b00    000000b8     PWM.obj (.text)
                  00000bb8    000000ac     TimerA0.obj (.text)
                  00000c64    0000009c     rtsv7M4_T_le_v4SPD16_eabi.lib : memcpy_t2.asm.obj (.text)
                  00000d00    00000068                                   : copy_decompress_lzss.c.obj (.text:decompress:lzss:__TI_decompress_lzss)
                  00000d68    00000044                                   : autoinit.c.obj (.text:__TI_auto_init_nobinit_nopinit:__TI_auto_init_nobinit_nopinit)
                  00000dac    00000040     SysTickInts.obj (.text)
                  00000dec    00000034     rtsv7M4_T_le_v4SPD16_eabi.lib : boot_cortex_m.c.obj (.text:_c_int00_noargs:_c_int00_noargs)
                  00000e20    00000024     CortexM.obj (.text)
                  00000e44    0000001c     rtsv7M4_T_le_v4SPD16_eabi.lib : copy_zero_init.c.obj (.text:decompress:ZI:__TI_zero_init_nomemset:__TI_zero_init_nomemset)
                  00000e60    0000000e                                   : copy_decompress_none.c.obj (.text:decompress:none:__TI_decompress_none)
                  00000e6e    0000000e     startup_msp432p401r_ccs.obj (.text)
                  00000e7c    00000004     rtsv7M4_T_le_v4SPD16_eabi.lib : pre_init.c.obj (.text:_system_pre_init)
                  00000e80    00000004                                   : exit.c.obj (.text:abort:abort)

.const     0    00000e84    00000380     
                  00000e84    00000380     main.obj (.const:FSM)

.cinit     0    00001208    00000048     
                  00001208    0000001f     (.cinit..data.load) [load image, compression = lzss]
                  00001227    00000001     --HOLE-- [fill = 0]
                  00001228    0000000c     (__TI_handler_table)
                  00001234    00000004     --HOLE-- [fill = 0]
                  00001238    00000008     (.cinit..bss.load) [load image, compression = zero_init]
                  00001240    00000010     (__TI_cinit_table)

.init_array 
*          0    00000000    00000000     UNINITIALIZED

.binit     0    00000000    00000000     

.data      0    20000000    00000054     UNINITIALIZED
                  20000000    00000038     main.obj (.data:lookup_table)
                  20000038    00000018     Clock.obj (.data)
                  20000050    00000004     system_msp432p401r.obj (.data)

.bss       0    20000054    0000000b     UNINITIALIZED
                  20000054    00000004     (.common:TimerA0Task)
                  20000058    00000004     (.common:sensor_state)
                  2000005c    00000001     (.common:IRSensorInput)
                  2000005d    00000001     (.common:MainCount)
                  2000005e    00000001     (.common:index)

.stack     0    2000fe00    00000200     UNINITIALIZED
                  2000fe00    00000004     rtsv7M4_T_le_v4SPD16_eabi.lib : boot_cortex_m.c.obj (.stack)
                  2000fe04    000001fc     --HOLE--

__llvm_prf_cnts 
*          0    20000000    00000000     UNINITIALIZED

MODULE SUMMARY

       Module                        code   ro data   rw data
       ------                        ----   -------   -------
    .\
       main.obj                      268    896       126    
       system_msp432p401r.obj        820    0         8      
       Reflectance.obj               584    0         0      
       Clock.obj                     480    0         48     
       Motor.obj                     436    0         0      
       startup_msp432p401r_ccs.obj   14     228       0      
       PWM.obj                       184    0         0      
       TimerA0.obj                   172    0         8      
       SysTickInts.obj               64     0         0      
       CortexM.obj                   36     0         0      
    +--+-----------------------------+------+---------+---------+
       Total:                        3058   1124      190    
                                                             
    C:\ti\ccs1260\ccs\tools\compiler\ti-cgt-arm_20.2.7.LTS\lib\rtsv7M4_T_le_v4SPD16_eabi.lib
       memcpy_t2.asm.obj             156    0         0      
       copy_decompress_lzss.c.obj    104    0         0      
       autoinit.c.obj                68     0         0      
       boot_cortex_m.c.obj           52     0         0      
       copy_zero_init.c.obj          28     0         0      
       copy_decompress_none.c.obj    14     0         0      
       exit.c.obj                    4      0         0      
       pre_init.c.obj                4      0         0      
    +--+-----------------------------+------+---------+---------+
       Total:                        430    0         0      
                                                             
       Stack:                        0      0         1024   
       Linker Generated:             0      67        0      
    +--+-----------------------------+------+---------+---------+
       Grand Total:                  3488   1191      1214   


LINKER GENERATED COPY TABLES

__TI_cinit_table @ 00001240 records: 2, size/record: 8, table size: 16
	.data: load addr=00001208, load size=0000001f bytes, run addr=20000000, run size=00000054 bytes, compression=lzss
	.bss: load addr=00001238, load size=00000008 bytes, run addr=20000054, run size=0000000b bytes, compression=zero_init


LINKER GENERATED HANDLER TABLE

__TI_handler_table @ 00001228 records: 3, size/record: 4, table size: 12
	index: 0, handler: __TI_decompress_lzss
	index: 1, handler: __TI_decompress_none
	index: 2, handler: __TI_zero_init


GLOBAL SYMBOLS: SORTED ALPHABETICALLY BY Name 

address   name                          
-------   ----                          
00000e7b  ADC14_IRQHandler              
00000e7b  AES256_IRQHandler             
00000e7b  BusFault_Handler              
00000e81  C$$EXIT                       
00000e7b  COMP_E0_IRQHandler            
00000e7b  COMP_E1_IRQHandler            
20000040  CPMwait                       
00000e7b  CS_IRQHandler                 
20000038  ClockFrequency                
000007b5  Clock_Delay1ms                
0000078b  Clock_Delay1us                
00000777  Clock_GetFreq                 
00000661  Clock_Init48MHz               
2000004c  Crystalstable                 
00000e7b  DMA_ERR_IRQHandler            
00000e7b  DMA_INT0_IRQHandler           
00000e7b  DMA_INT1_IRQHandler           
00000e7b  DMA_INT2_IRQHandler           
00000e7b  DMA_INT3_IRQHandler           
00000e7b  DebugMon_Handler              
00000e7b  Default_Handler               
00000e21  DisableInterrupts             
00000e7b  EUSCIA0_IRQHandler            
00000e7b  EUSCIA1_IRQHandler            
00000e7b  EUSCIA2_IRQHandler            
00000e7b  EUSCIA3_IRQHandler            
00000e7b  EUSCIB0_IRQHandler            
00000e7b  EUSCIB1_IRQHandler            
00000e7b  EUSCIB2_IRQHandler            
00000e7b  EUSCIB3_IRQHandler            
00000e27  EnableInterrupts              
00000e37  EndCritical                   
00000e7b  FLCTL_IRQHandler              
00000e7b  FPU_IRQHandler                
00000e84  FSM                           
00000e7b  HardFault_Handler             
20000048  IFlags                        
2000005c  IRSensorInput                 
2000005d  MainCount                     
00000e7b  MemManage_Handler             
0000098d  Motor_Backward                
000008e1  Motor_Forward                 
00000841  Motor_Init                    
0000094d  Motor_Left                    
0000090d  Motor_Right                   
000008b5  Motor_Stop                    
00000e7b  NMI_Handler                   
00000e7b  PCM_IRQHandler                
00000e7b  PORT1_IRQHandler              
00000e7b  PORT2_IRQHandler              
00000e7b  PORT3_IRQHandler              
00000e7b  PORT4_IRQHandler              
00000e7b  PORT5_IRQHandler              
00000e7b  PORT6_IRQHandler              
00000e7b  PSS_IRQHandler                
00000b6f  PWM_Duty34                    
00000b01  PWM_Init34                    
00000e7b  PendSV_Handler                
000009f5  Port2_Init                    
20000044  Postwait                      
2000003c  Prewait                       
00000e7b  RTC_C_IRQHandler              
000004cf  Reflectance_End               
00000419  Reflectance_Init              
00000493  Reflectance_Start             
00000e6f  Reset_Handler                 
00000e7b  SVC_Handler                   
00000e2d  StartCritical                 
00000a1f  SysTick_Handler               
00000a1f  SysTick_Handler               
00000dad  SysTick_Init                  
20000050  SystemCoreClock               
000000e5  SystemCoreClockUpdate         
0000035d  SystemInit                    
00000e7b  T32_INT1_IRQHandler           
00000e7b  T32_INT2_IRQHandler           
00000e7b  T32_INTC_IRQHandler           
00000c33  TA0_0_IRQHandler              
00000c33  TA0_0_IRQHandler              
00000e7b  TA0_N_IRQHandler              
00000e7b  TA1_0_IRQHandler              
00000e7b  TA1_N_IRQHandler              
00000e7b  TA2_0_IRQHandler              
00000e7b  TA2_N_IRQHandler              
00000e7b  TA3_0_IRQHandler              
00000e7b  TA3_N_IRQHandler              
20000054  TimerA0Task                   
00000bb9  TimerA0_Init                  
00000c1d  TimerA0_Stop                  
00000e7b  UsageFault_Handler            
4000480c  WDTCTL_SYM                    
00000e7b  WDT_A_IRQHandler              
00000e3f  WaitForInterrupt              
20010000  __STACK_END                   
00000200  __STACK_SIZE                  
00001240  __TI_CINIT_Base               
00001250  __TI_CINIT_Limit              
00001228  __TI_Handler_Table_Base       
00001234  __TI_Handler_Table_Limit      
00000d69  __TI_auto_init_nobinit_nopinit
00000d01  __TI_decompress_lzss          
00000e61  __TI_decompress_none          
ffffffff  __TI_pprof_out_hndl           
ffffffff  __TI_prof_data_size           
ffffffff  __TI_prof_data_start          
00000000  __TI_static_base__            
00000e45  __TI_zero_init_nomemset       
00000c65  __aeabi_memcpy                
00000c65  __aeabi_memcpy4               
00000c65  __aeabi_memcpy8               
ffffffff  __binit__                     
ffffffff  __c_args__                    
UNDEFED   __mpu_init                    
2000fe00  __stack                       
20000000  __start___llvm_prf_cnts       
20000000  __stop___llvm_prf_cnts        
00000ded  _c_int00_noargs               
UNDEFED   _system_post_cinit            
00000e7d  _system_pre_init              
00000e81  abort                         
ffffffff  binit                         
000004f9  decision                      
0000077d  delay                         
2000005e  index                         
00000000  interruptVectors              
20000000  lookup_table                  
00000a9b  main                          
00000c65  memcpy                        
20000058  sensor_state                  


GLOBAL SYMBOLS: SORTED BY Symbol Address 

address   name                          
-------   ----                          
00000000  __TI_static_base__            
00000000  interruptVectors              
000000e5  SystemCoreClockUpdate         
00000200  __STACK_SIZE                  
0000035d  SystemInit                    
00000419  Reflectance_Init              
00000493  Reflectance_Start             
000004cf  Reflectance_End               
000004f9  decision                      
00000661  Clock_Init48MHz               
00000777  Clock_GetFreq                 
0000077d  delay                         
0000078b  Clock_Delay1us                
000007b5  Clock_Delay1ms                
00000841  Motor_Init                    
000008b5  Motor_Stop                    
000008e1  Motor_Forward                 
0000090d  Motor_Right                   
0000094d  Motor_Left                    
0000098d  Motor_Backward                
000009f5  Port2_Init                    
00000a1f  SysTick_Handler               
00000a1f  SysTick_Handler               
00000a9b  main                          
00000b01  PWM_Init34                    
00000b6f  PWM_Duty34                    
00000bb9  TimerA0_Init                  
00000c1d  TimerA0_Stop                  
00000c33  TA0_0_IRQHandler              
00000c33  TA0_0_IRQHandler              
00000c65  __aeabi_memcpy                
00000c65  __aeabi_memcpy4               
00000c65  __aeabi_memcpy8               
00000c65  memcpy                        
00000d01  __TI_decompress_lzss          
00000d69  __TI_auto_init_nobinit_nopinit
00000dad  SysTick_Init                  
00000ded  _c_int00_noargs               
00000e21  DisableInterrupts             
00000e27  EnableInterrupts              
00000e2d  StartCritical                 
00000e37  EndCritical                   
00000e3f  WaitForInterrupt              
00000e45  __TI_zero_init_nomemset       
00000e61  __TI_decompress_none          
00000e6f  Reset_Handler                 
00000e7b  ADC14_IRQHandler              
00000e7b  AES256_IRQHandler             
00000e7b  BusFault_Handler              
00000e7b  COMP_E0_IRQHandler            
00000e7b  COMP_E1_IRQHandler            
00000e7b  CS_IRQHandler                 
00000e7b  DMA_ERR_IRQHandler            
00000e7b  DMA_INT0_IRQHandler           
00000e7b  DMA_INT1_IRQHandler           
00000e7b  DMA_INT2_IRQHandler           
00000e7b  DMA_INT3_IRQHandler           
00000e7b  DebugMon_Handler              
00000e7b  Default_Handler               
00000e7b  EUSCIA0_IRQHandler            
00000e7b  EUSCIA1_IRQHandler            
00000e7b  EUSCIA2_IRQHandler            
00000e7b  EUSCIA3_IRQHandler            
00000e7b  EUSCIB0_IRQHandler            
00000e7b  EUSCIB1_IRQHandler            
00000e7b  EUSCIB2_IRQHandler            
00000e7b  EUSCIB3_IRQHandler            
00000e7b  FLCTL_IRQHandler              
00000e7b  FPU_IRQHandler                
00000e7b  HardFault_Handler             
00000e7b  MemManage_Handler             
00000e7b  NMI_Handler                   
00000e7b  PCM_IRQHandler                
00000e7b  PORT1_IRQHandler              
00000e7b  PORT2_IRQHandler              
00000e7b  PORT3_IRQHandler              
00000e7b  PORT4_IRQHandler              
00000e7b  PORT5_IRQHandler              
00000e7b  PORT6_IRQHandler              
00000e7b  PSS_IRQHandler                
00000e7b  PendSV_Handler                
00000e7b  RTC_C_IRQHandler              
00000e7b  SVC_Handler                   
00000e7b  T32_INT1_IRQHandler           
00000e7b  T32_INT2_IRQHandler           
00000e7b  T32_INTC_IRQHandler           
00000e7b  TA0_N_IRQHandler              
00000e7b  TA1_0_IRQHandler              
00000e7b  TA1_N_IRQHandler              
00000e7b  TA2_0_IRQHandler              
00000e7b  TA2_N_IRQHandler              
00000e7b  TA3_0_IRQHandler              
00000e7b  TA3_N_IRQHandler              
00000e7b  UsageFault_Handler            
00000e7b  WDT_A_IRQHandler              
00000e7d  _system_pre_init              
00000e81  C$$EXIT                       
00000e81  abort                         
00000e84  FSM                           
00001228  __TI_Handler_Table_Base       
00001234  __TI_Handler_Table_Limit      
00001240  __TI_CINIT_Base               
00001250  __TI_CINIT_Limit              
20000000  __start___llvm_prf_cnts       
20000000  __stop___llvm_prf_cnts        
20000000  lookup_table                  
20000038  ClockFrequency                
2000003c  Prewait                       
20000040  CPMwait                       
20000044  Postwait                      
20000048  IFlags                        
2000004c  Crystalstable                 
20000050  SystemCoreClock               
20000054  TimerA0Task                   
20000058  sensor_state                  
2000005c  IRSensorInput                 
2000005d  MainCount                     
2000005e  index                         
2000fe00  __stack                       
20010000  __STACK_END                   
4000480c  WDTCTL_SYM                    
ffffffff  __TI_pprof_out_hndl           
ffffffff  __TI_prof_data_size           
ffffffff  __TI_prof_data_start          
ffffffff  __binit__                     
ffffffff  __c_args__                    
ffffffff  binit                         
UNDEFED   __mpu_init                    
UNDEFED   _system_post_cinit            

[129 symbols]
