******************************************************************************
                  TI ARM Linker PC v20.2.7                     
******************************************************************************
>> Linked Sun Feb 25 05:17:34 2024

OUTPUT FILE NAME:   <ECE1188 LFR.out>
ENTRY POINT SYMBOL: "_c_int00_noargs"  address: 00000909


MEMORY CONFIGURATION

         name            origin    length      used     unused   attr    fill
----------------------  --------  ---------  --------  --------  ----  --------
  RAM                   00000020   ffffffe0  00000cbf  fffff321  RWIX


SEGMENT ALLOCATION MAP

run origin  load origin   length   init length attrs members
----------  ----------- ---------- ----------- ----- -------
00000020    00000020    00000980   00000980    r-x
  00000020    00000020    00000980   00000980    r-x .text
000009a0    000009a0    00000228   00000000    rw-
  000009a0    000009a0    0000001c   00000000    rw- .data
  000009bc    000009bc    00000007   00000000    rw- .bss
  000009c8    000009c8    00000200   00000000    rw- .stack
00000bc8    00000bc8    00000120   00000120    r--
  00000bc8    00000bc8    000000e4   000000e4    r-- .intvecs
  00000cb0    00000cb0    00000038   00000038    r-- .cinit


SECTION ALLOCATION MAP

 output                                  attributes/
section   page    origin      length       input sections
--------  ----  ----------  ----------   ----------------
.text      0    00000020    00000980     
                  00000020    00000334     system_msp432p401r.obj (.text)
                  00000354    000001e0     Clock.obj (.text)
                  00000534    00000168     Reflectance.obj (.text)
                  0000069c    000000e4     main.obj (.text)
                  00000780    0000009c     rtsv7M4_T_le_v4SPD16_eabi.lib : memcpy_t2.asm.obj (.text)
                  0000081c    00000068                                   : copy_decompress_lzss.c.obj (.text:decompress:lzss:__TI_decompress_lzss)
                  00000884    00000044                                   : autoinit.c.obj (.text:__TI_auto_init_nobinit_nopinit:__TI_auto_init_nobinit_nopinit)
                  000008c8    00000040     SysTickInts.obj (.text)
                  00000908    00000034     rtsv7M4_T_le_v4SPD16_eabi.lib : boot_cortex_m.c.obj (.text:_c_int00_noargs:_c_int00_noargs)
                  0000093c    00000024     CortexM.obj (.text)
                  00000960    0000001c     rtsv7M4_T_le_v4SPD16_eabi.lib : copy_zero_init.c.obj (.text:decompress:ZI:__TI_zero_init_nomemset:__TI_zero_init_nomemset)
                  0000097c    0000000e                                   : copy_decompress_none.c.obj (.text:decompress:none:__TI_decompress_none)
                  0000098a    0000000e     startup_msp432p401r_ccs.obj (.text)
                  00000998    00000004     rtsv7M4_T_le_v4SPD16_eabi.lib : pre_init.c.obj (.text:_system_pre_init)
                  0000099c    00000004                                   : exit.c.obj (.text:abort:abort)

.data      0    000009a0    0000001c     UNINITIALIZED
                  000009a0    00000018     Clock.obj (.data)
                  000009b8    00000004     system_msp432p401r.obj (.data)

.bss       0    000009bc    00000007     UNINITIALIZED
                  000009bc    00000004     (.common:sensor_state)
                  000009c0    00000001     (.common:IRSensorInput)
                  000009c1    00000001     (.common:MainCount)
                  000009c2    00000001     (.common:index)

.cinit     0    00000cb0    00000038     
                  00000cb0    0000000d     (.cinit..data.load) [load image, compression = lzss]
                  00000cbd    00000003     --HOLE-- [fill = 0]
                  00000cc0    0000000c     (__TI_handler_table)
                  00000ccc    00000004     --HOLE-- [fill = 0]
                  00000cd0    00000008     (.cinit..bss.load) [load image, compression = zero_init]
                  00000cd8    00000010     (__TI_cinit_table)

.init_array 
*          0    00000020    00000000     UNINITIALIZED

__llvm_prf_cnts 
*          0    00000020    00000000     UNINITIALIZED

.stack     0    000009c8    00000200     UNINITIALIZED
                  000009c8    00000004     rtsv7M4_T_le_v4SPD16_eabi.lib : boot_cortex_m.c.obj (.stack)
                  000009cc    000001fc     --HOLE--

.intvecs   0    00000bc8    000000e4     
                  00000bc8    000000e4     startup_msp432p401r_ccs.obj (.intvecs:retain)

MODULE SUMMARY

       Module                        code   ro data   rw data
       ------                        ----   -------   -------
    .\
       system_msp432p401r.obj        820    0         4      
       Clock.obj                     480    0         24     
       Reflectance.obj               360    0         1      
       startup_msp432p401r_ccs.obj   14     228       0      
       main.obj                      228    0         6      
       SysTickInts.obj               64     0         0      
       CortexM.obj                   36     0         0      
    +--+-----------------------------+------+---------+---------+
       Total:                        2002   228       35     
                                                             
    C:\ti\ccs1260\ccs\tools\compiler\ti-cgt-arm_20.2.7.LTS\lib\rtsv7M4_T_le_v4SPD16_eabi.lib
       memcpy_t2.asm.obj             156    0         0      
       copy_decompress_lzss.c.obj    104    0         0      
       autoinit.c.obj                68     0         0      
       boot_cortex_m.c.obj           52     0         0      
       copy_zero_init.c.obj          28     0         0      
       copy_decompress_none.c.obj    14     0         0      
       exit.c.obj                    4      0         0      
       pre_init.c.obj                4      0         0      
    +--+-----------------------------+------+---------+---------+
       Total:                        430    0         0      
                                                             
       Stack:                        0      0         512    
       Linker Generated:             0      49        0      
    +--+-----------------------------+------+---------+---------+
       Grand Total:                  2432   277       547    


LINKER GENERATED COPY TABLES

__TI_cinit_table @ 00000cd8 records: 2, size/record: 8, table size: 16
	.data: load addr=00000cb0, load size=0000000d bytes, run addr=000009a0, run size=0000001c bytes, compression=lzss
	.bss: load addr=00000cd0, load size=00000008 bytes, run addr=000009bc, run size=00000007 bytes, compression=zero_init


LINKER GENERATED HANDLER TABLE

__TI_handler_table @ 00000cc0 records: 3, size/record: 4, table size: 12
	index: 0, handler: __TI_decompress_lzss
	index: 1, handler: __TI_decompress_none
	index: 2, handler: __TI_zero_init


GLOBAL SYMBOLS: SORTED ALPHABETICALLY BY Name 

address   name                          
-------   ----                          
00000997  ADC14_IRQHandler              
00000997  AES256_IRQHandler             
00000997  BusFault_Handler              
0000099d  C$$EXIT                       
00000997  COMP_E0_IRQHandler            
00000997  COMP_E1_IRQHandler            
000009a8  CPMwait                       
00000997  CS_IRQHandler                 
000009a0  ClockFrequency                
000004a9  Clock_Delay1ms                
0000047f  Clock_Delay1us                
0000046b  Clock_GetFreq                 
00000355  Clock_Init48MHz               
000009b4  Crystalstable                 
00000997  DMA_ERR_IRQHandler            
00000997  DMA_INT0_IRQHandler           
00000997  DMA_INT1_IRQHandler           
00000997  DMA_INT2_IRQHandler           
00000997  DMA_INT3_IRQHandler           
00000997  DebugMon_Handler              
00000997  Default_Handler               
0000093d  DisableInterrupts             
00000997  EUSCIA0_IRQHandler            
00000997  EUSCIA1_IRQHandler            
00000997  EUSCIA2_IRQHandler            
00000997  EUSCIA3_IRQHandler            
00000997  EUSCIB0_IRQHandler            
00000997  EUSCIB1_IRQHandler            
00000997  EUSCIB2_IRQHandler            
00000997  EUSCIB3_IRQHandler            
00000943  EnableInterrupts              
00000953  EndCritical                   
00000997  FLCTL_IRQHandler              
00000997  FPU_IRQHandler                
00000997  HardFault_Handler             
000009b0  IFlags                        
000009c0  IRSensorInput                 
000009c1  MainCount                     
00000997  MemManage_Handler             
00000997  NMI_Handler                   
00000613  Num_Of_On_Sensors             
00000997  PCM_IRQHandler                
00000997  PORT1_IRQHandler              
00000997  PORT2_IRQHandler              
00000997  PORT3_IRQHandler              
00000997  PORT4_IRQHandler              
00000997  PORT5_IRQHandler              
00000997  PORT6_IRQHandler              
00000997  PSS_IRQHandler                
00000997  PendSV_Handler                
0000069d  Port2_Init                    
000009ac  Postwait                      
000009a4  Prewait                       
00000997  RTC_C_IRQHandler              
000005eb  Reflectance_End               
00000535  Reflectance_Init              
000005af  Reflectance_Start             
0000098b  Reset_Handler                 
00000997  SVC_Handler                   
00000949  StartCritical                 
000006d1  SysTick_Handler               
000006d1  SysTick_Handler               
000008c9  SysTick_Init                  
000009b8  SystemCoreClock               
00000021  SystemCoreClockUpdate         
00000299  SystemInit                    
00000997  T32_INT1_IRQHandler           
00000997  T32_INT2_IRQHandler           
00000997  T32_INTC_IRQHandler           
00000997  TA0_0_IRQHandler              
00000997  TA0_N_IRQHandler              
00000997  TA1_0_IRQHandler              
00000997  TA1_N_IRQHandler              
00000997  TA2_0_IRQHandler              
00000997  TA2_N_IRQHandler              
00000997  TA3_0_IRQHandler              
00000997  TA3_N_IRQHandler              
00000997  UsageFault_Handler            
00000997  WDT_A_IRQHandler              
0000095b  WaitForInterrupt              
00000bc8  __STACK_END                   
00000200  __STACK_SIZE                  
00000cd8  __TI_CINIT_Base               
00000ce8  __TI_CINIT_Limit              
00000cc0  __TI_Handler_Table_Base       
00000ccc  __TI_Handler_Table_Limit      
00000885  __TI_auto_init_nobinit_nopinit
0000081d  __TI_decompress_lzss          
0000097d  __TI_decompress_none          
ffffffff  __TI_pprof_out_hndl           
ffffffff  __TI_prof_data_size           
ffffffff  __TI_prof_data_start          
00000cb0  __TI_static_base__            
00000961  __TI_zero_init_nomemset       
00000781  __aeabi_memcpy                
00000781  __aeabi_memcpy4               
00000781  __aeabi_memcpy8               
ffffffff  __binit__                     
ffffffff  __c_args__                    
UNDEFED   __mpu_init                    
000009c8  __stack                       
00000020  __start___llvm_prf_cnts       
00000020  __stop___llvm_prf_cnts        
00000909  _c_int00_noargs               
UNDEFED   _system_post_cinit            
00000999  _system_pre_init              
0000099d  abort                         
ffffffff  binit                         
00000471  delay                         
000009c2  index                         
00000bc8  interruptVectors              
00000735  main                          
00000781  memcpy                        
000009bc  sensor_state                  


GLOBAL SYMBOLS: SORTED BY Symbol Address 

address   name                          
-------   ----                          
00000020  __start___llvm_prf_cnts       
00000020  __stop___llvm_prf_cnts        
00000021  SystemCoreClockUpdate         
00000200  __STACK_SIZE                  
00000299  SystemInit                    
00000355  Clock_Init48MHz               
0000046b  Clock_GetFreq                 
00000471  delay                         
0000047f  Clock_Delay1us                
000004a9  Clock_Delay1ms                
00000535  Reflectance_Init              
000005af  Reflectance_Start             
000005eb  Reflectance_End               
00000613  Num_Of_On_Sensors             
0000069d  Port2_Init                    
000006d1  SysTick_Handler               
000006d1  SysTick_Handler               
00000735  main                          
00000781  __aeabi_memcpy                
00000781  __aeabi_memcpy4               
00000781  __aeabi_memcpy8               
00000781  memcpy                        
0000081d  __TI_decompress_lzss          
00000885  __TI_auto_init_nobinit_nopinit
000008c9  SysTick_Init                  
00000909  _c_int00_noargs               
0000093d  DisableInterrupts             
00000943  EnableInterrupts              
00000949  StartCritical                 
00000953  EndCritical                   
0000095b  WaitForInterrupt              
00000961  __TI_zero_init_nomemset       
0000097d  __TI_decompress_none          
0000098b  Reset_Handler                 
00000997  ADC14_IRQHandler              
00000997  AES256_IRQHandler             
00000997  BusFault_Handler              
00000997  COMP_E0_IRQHandler            
00000997  COMP_E1_IRQHandler            
00000997  CS_IRQHandler                 
00000997  DMA_ERR_IRQHandler            
00000997  DMA_INT0_IRQHandler           
00000997  DMA_INT1_IRQHandler           
00000997  DMA_INT2_IRQHandler           
00000997  DMA_INT3_IRQHandler           
00000997  DebugMon_Handler              
00000997  Default_Handler               
00000997  EUSCIA0_IRQHandler            
00000997  EUSCIA1_IRQHandler            
00000997  EUSCIA2_IRQHandler            
00000997  EUSCIA3_IRQHandler            
00000997  EUSCIB0_IRQHandler            
00000997  EUSCIB1_IRQHandler            
00000997  EUSCIB2_IRQHandler            
00000997  EUSCIB3_IRQHandler            
00000997  FLCTL_IRQHandler              
00000997  FPU_IRQHandler                
00000997  HardFault_Handler             
00000997  MemManage_Handler             
00000997  NMI_Handler                   
00000997  PCM_IRQHandler                
00000997  PORT1_IRQHandler              
00000997  PORT2_IRQHandler              
00000997  PORT3_IRQHandler              
00000997  PORT4_IRQHandler              
00000997  PORT5_IRQHandler              
00000997  PORT6_IRQHandler              
00000997  PSS_IRQHandler                
00000997  PendSV_Handler                
00000997  RTC_C_IRQHandler              
00000997  SVC_Handler                   
00000997  T32_INT1_IRQHandler           
00000997  T32_INT2_IRQHandler           
00000997  T32_INTC_IRQHandler           
00000997  TA0_0_IRQHandler              
00000997  TA0_N_IRQHandler              
00000997  TA1_0_IRQHandler              
00000997  TA1_N_IRQHandler              
00000997  TA2_0_IRQHandler              
00000997  TA2_N_IRQHandler              
00000997  TA3_0_IRQHandler              
00000997  TA3_N_IRQHandler              
00000997  UsageFault_Handler            
00000997  WDT_A_IRQHandler              
00000999  _system_pre_init              
0000099d  C$$EXIT                       
0000099d  abort                         
000009a0  ClockFrequency                
000009a4  Prewait                       
000009a8  CPMwait                       
000009ac  Postwait                      
000009b0  IFlags                        
000009b4  Crystalstable                 
000009b8  SystemCoreClock               
000009bc  sensor_state                  
000009c0  IRSensorInput                 
000009c1  MainCount                     
000009c2  index                         
000009c8  __stack                       
00000bc8  __STACK_END                   
00000bc8  interruptVectors              
00000cb0  __TI_static_base__            
00000cc0  __TI_Handler_Table_Base       
00000ccc  __TI_Handler_Table_Limit      
00000cd8  __TI_CINIT_Base               
00000ce8  __TI_CINIT_Limit              
ffffffff  __TI_pprof_out_hndl           
ffffffff  __TI_prof_data_size           
ffffffff  __TI_prof_data_start          
ffffffff  __binit__                     
ffffffff  __c_args__                    
ffffffff  binit                         
UNDEFED   __mpu_init                    
UNDEFED   _system_post_cinit            

[114 symbols]
