******************************************************************************
                  TI ARM Linker PC v20.2.7                     
******************************************************************************
>> Linked Wed Mar  6 18:23:29 2024

OUTPUT FILE NAME:   <ECE1188 LFR.out>
ENTRY POINT SYMBOL: "_c_int00_noargs"  address: 00000e11


MEMORY CONFIGURATION

         name            origin    length      used     unused   attr    fill
----------------------  --------  ---------  --------  --------  ----  --------
  MAIN                  00000000   00040000  00001058  0003efa8  R  X
  INFO                  00200000   00004000  00000000  00004000  R  X
  SRAM_CODE             01000000   00010000  00000247  0000fdb9  RW X
  SRAM_DATA             20000000   00010000  00000247  0000fdb9  RW  


SEGMENT ALLOCATION MAP

run origin  load origin   length   init length attrs members
----------  ----------- ---------- ----------- ----- -------
00000000    00000000    00001058   00001058    r-x
  00000000    00000000    000000e4   000000e4    r-- .intvecs
  000000e4    000000e4    00000dc4   00000dc4    r-x .text
  00000ea8    00000ea8    00000168   00000168    r-- .const
  00001010    00001010    00000048   00000048    r-- .cinit
20000000    20000000    00000047   00000000    rw-
  20000000    20000000    0000003c   00000000    rw- .data
  2000003c    2000003c    0000000b   00000000    rw- .bss
2000fe00    2000fe00    00000200   00000000    rw-
  2000fe00    2000fe00    00000200   00000000    rw- .stack


SECTION ALLOCATION MAP

 output                                  attributes/
section   page    origin      length       input sections
--------  ----  ----------  ----------   ----------------
.intvecs   0    00000000    000000e4     
                  00000000    000000e4     startup_msp432p401r_ccs.obj (.intvecs:retain)

.text      0    000000e4    00000dc4     
                  000000e4    00000334     system_msp432p401r.obj (.text)
                  00000418    00000270     Reflectance.obj (.text)
                  00000688    000001e0     Clock.obj (.text)
                  00000868    000001b0     Motor.obj (.text)
                  00000a18    0000010c     main.obj (.text)
                  00000b24    000000b8     PWM.obj (.text)
                  00000bdc    000000ac     TimerA0.obj (.text)
                  00000c88    0000009c     rtsv7M4_T_le_v4SPD16_eabi.lib : memcpy_t2.asm.obj (.text)
                  00000d24    00000068                                   : copy_decompress_lzss.c.obj (.text:decompress:lzss:__TI_decompress_lzss)
                  00000d8c    00000044                                   : autoinit.c.obj (.text:__TI_auto_init_nobinit_nopinit:__TI_auto_init_nobinit_nopinit)
                  00000dd0    00000040     SysTickInts.obj (.text)
                  00000e10    00000034     rtsv7M4_T_le_v4SPD16_eabi.lib : boot_cortex_m.c.obj (.text:_c_int00_noargs:_c_int00_noargs)
                  00000e44    00000024     CortexM.obj (.text)
                  00000e68    0000001c     rtsv7M4_T_le_v4SPD16_eabi.lib : copy_zero_init.c.obj (.text:decompress:ZI:__TI_zero_init_nomemset:__TI_zero_init_nomemset)
                  00000e84    0000000e                                   : copy_decompress_none.c.obj (.text:decompress:none:__TI_decompress_none)
                  00000e92    0000000e     startup_msp432p401r_ccs.obj (.text)
                  00000ea0    00000004     rtsv7M4_T_le_v4SPD16_eabi.lib : pre_init.c.obj (.text:_system_pre_init)
                  00000ea4    00000004                                   : exit.c.obj (.text:abort:abort)

.const     0    00000ea8    00000168     
                  00000ea8    00000168     main.obj (.const:FSM)

.cinit     0    00001010    00000048     
                  00001010    0000001f     (.cinit..data.load) [load image, compression = lzss]
                  0000102f    00000001     --HOLE-- [fill = 0]
                  00001030    0000000c     (__TI_handler_table)
                  0000103c    00000004     --HOLE-- [fill = 0]
                  00001040    00000008     (.cinit..bss.load) [load image, compression = zero_init]
                  00001048    00000010     (__TI_cinit_table)

.init_array 
*          0    00000000    00000000     UNINITIALIZED

.binit     0    00000000    00000000     

.data      0    20000000    0000003c     UNINITIALIZED
                  20000000    00000020     main.obj (.data:lookup_table)
                  20000020    00000018     Clock.obj (.data)
                  20000038    00000004     system_msp432p401r.obj (.data)

.bss       0    2000003c    0000000b     UNINITIALIZED
                  2000003c    00000004     (.common:TimerA0Task)
                  20000040    00000004     (.common:sensor_state)
                  20000044    00000001     (.common:IRSensorInput)
                  20000045    00000001     (.common:MainCount)
                  20000046    00000001     (.common:index)

.stack     0    2000fe00    00000200     UNINITIALIZED
                  2000fe00    00000004     rtsv7M4_T_le_v4SPD16_eabi.lib : boot_cortex_m.c.obj (.stack)
                  2000fe04    000001fc     --HOLE--

__llvm_prf_cnts 
*          0    20000000    00000000     UNINITIALIZED

MODULE SUMMARY

       Module                        code   ro data   rw data
       ------                        ----   -------   -------
    .\
       system_msp432p401r.obj        820    0         8      
       main.obj                      268    360       78     
       Reflectance.obj               624    0         0      
       Clock.obj                     480    0         48     
       Motor.obj                     432    0         0      
       startup_msp432p401r_ccs.obj   14     228       0      
       PWM.obj                       184    0         0      
       TimerA0.obj                   172    0         8      
       SysTickInts.obj               64     0         0      
       CortexM.obj                   36     0         0      
    +--+-----------------------------+------+---------+---------+
       Total:                        3094   588       142    
                                                             
    C:\ti\ccs1260\ccs\tools\compiler\ti-cgt-arm_20.2.7.LTS\lib\rtsv7M4_T_le_v4SPD16_eabi.lib
       memcpy_t2.asm.obj             156    0         0      
       copy_decompress_lzss.c.obj    104    0         0      
       autoinit.c.obj                68     0         0      
       boot_cortex_m.c.obj           52     0         0      
       copy_zero_init.c.obj          28     0         0      
       copy_decompress_none.c.obj    14     0         0      
       exit.c.obj                    4      0         0      
       pre_init.c.obj                4      0         0      
    +--+-----------------------------+------+---------+---------+
       Total:                        430    0         0      
                                                             
       Stack:                        0      0         1024   
       Linker Generated:             0      67        0      
    +--+-----------------------------+------+---------+---------+
       Grand Total:                  3524   655       1166   


LINKER GENERATED COPY TABLES

__TI_cinit_table @ 00001048 records: 2, size/record: 8, table size: 16
	.data: load addr=00001010, load size=0000001f bytes, run addr=20000000, run size=0000003c bytes, compression=lzss
	.bss: load addr=00001040, load size=00000008 bytes, run addr=2000003c, run size=0000000b bytes, compression=zero_init


LINKER GENERATED HANDLER TABLE

__TI_handler_table @ 00001030 records: 3, size/record: 4, table size: 12
	index: 0, handler: __TI_decompress_lzss
	index: 1, handler: __TI_decompress_none
	index: 2, handler: __TI_zero_init


GLOBAL SYMBOLS: SORTED ALPHABETICALLY BY Name 

address   name                          
-------   ----                          
00000e9f  ADC14_IRQHandler              
00000e9f  AES256_IRQHandler             
00000e9f  BusFault_Handler              
00000ea5  C$$EXIT                       
00000e9f  COMP_E0_IRQHandler            
00000e9f  COMP_E1_IRQHandler            
20000028  CPMwait                       
00000e9f  CS_IRQHandler                 
20000020  ClockFrequency                
000007dd  Clock_Delay1ms                
000007b3  Clock_Delay1us                
0000079f  Clock_GetFreq                 
00000689  Clock_Init48MHz               
20000034  Crystalstable                 
00000e9f  DMA_ERR_IRQHandler            
00000e9f  DMA_INT0_IRQHandler           
00000e9f  DMA_INT1_IRQHandler           
00000e9f  DMA_INT2_IRQHandler           
00000e9f  DMA_INT3_IRQHandler           
00000e9f  DebugMon_Handler              
00000e9f  Default_Handler               
00000e45  DisableInterrupts             
00000e9f  EUSCIA0_IRQHandler            
00000e9f  EUSCIA1_IRQHandler            
00000e9f  EUSCIA2_IRQHandler            
00000e9f  EUSCIA3_IRQHandler            
00000e9f  EUSCIB0_IRQHandler            
00000e9f  EUSCIB1_IRQHandler            
00000e9f  EUSCIB2_IRQHandler            
00000e9f  EUSCIB3_IRQHandler            
00000e4b  EnableInterrupts              
00000e5b  EndCritical                   
00000e9f  FLCTL_IRQHandler              
00000e9f  FPU_IRQHandler                
00000ea8  FSM                           
00000e9f  HardFault_Handler             
20000030  IFlags                        
20000044  IRSensorInput                 
20000045  MainCount                     
00000e9f  MemManage_Handler             
000009b1  Motor_Backward                
00000905  Motor_Forward                 
00000869  Motor_Init                    
00000971  Motor_Left                    
00000931  Motor_Right                   
000008d9  Motor_Stop                    
00000e9f  NMI_Handler                   
00000e9f  PCM_IRQHandler                
00000e9f  PORT1_IRQHandler              
00000e9f  PORT2_IRQHandler              
00000e9f  PORT3_IRQHandler              
00000e9f  PORT4_IRQHandler              
00000e9f  PORT5_IRQHandler              
00000e9f  PORT6_IRQHandler              
00000e9f  PSS_IRQHandler                
00000b93  PWM_Duty34                    
00000b25  PWM_Init34                    
00000e9f  PendSV_Handler                
00000a19  Port2_Init                    
2000002c  Postwait                      
20000024  Prewait                       
00000e9f  RTC_C_IRQHandler              
000004cf  Reflectance_End               
00000419  Reflectance_Init              
00000493  Reflectance_Start             
00000e93  Reset_Handler                 
00000e9f  SVC_Handler                   
00000e51  StartCritical                 
00000a43  SysTick_Handler               
00000a43  SysTick_Handler               
00000dd1  SysTick_Init                  
20000038  SystemCoreClock               
000000e5  SystemCoreClockUpdate         
0000035d  SystemInit                    
00000e9f  T32_INT1_IRQHandler           
00000e9f  T32_INT2_IRQHandler           
00000e9f  T32_INTC_IRQHandler           
00000c57  TA0_0_IRQHandler              
00000c57  TA0_0_IRQHandler              
00000e9f  TA0_N_IRQHandler              
00000e9f  TA1_0_IRQHandler              
00000e9f  TA1_N_IRQHandler              
00000e9f  TA2_0_IRQHandler              
00000e9f  TA2_N_IRQHandler              
00000e9f  TA3_0_IRQHandler              
00000e9f  TA3_N_IRQHandler              
2000003c  TimerA0Task                   
00000bdd  TimerA0_Init                  
00000c41  TimerA0_Stop                  
00000e9f  UsageFault_Handler            
4000480c  WDTCTL_SYM                    
00000e9f  WDT_A_IRQHandler              
00000e63  WaitForInterrupt              
20010000  __STACK_END                   
00000200  __STACK_SIZE                  
00001048  __TI_CINIT_Base               
00001058  __TI_CINIT_Limit              
00001030  __TI_Handler_Table_Base       
0000103c  __TI_Handler_Table_Limit      
00000d8d  __TI_auto_init_nobinit_nopinit
00000d25  __TI_decompress_lzss          
00000e85  __TI_decompress_none          
ffffffff  __TI_pprof_out_hndl           
ffffffff  __TI_prof_data_size           
ffffffff  __TI_prof_data_start          
00000000  __TI_static_base__            
00000e69  __TI_zero_init_nomemset       
00000c89  __aeabi_memcpy                
00000c89  __aeabi_memcpy4               
00000c89  __aeabi_memcpy8               
ffffffff  __binit__                     
ffffffff  __c_args__                    
UNDEFED   __mpu_init                    
2000fe00  __stack                       
20000000  __start___llvm_prf_cnts       
20000000  __stop___llvm_prf_cnts        
00000e11  _c_int00_noargs               
UNDEFED   _system_post_cinit            
00000ea1  _system_pre_init              
00000ea5  abort                         
ffffffff  binit                         
000004f9  decision                      
000007a5  delay                         
20000046  index                         
00000000  interruptVectors              
20000000  lookup_table                  
00000abf  main                          
00000c89  memcpy                        
20000040  sensor_state                  


GLOBAL SYMBOLS: SORTED BY Symbol Address 

address   name                          
-------   ----                          
00000000  __TI_static_base__            
00000000  interruptVectors              
000000e5  SystemCoreClockUpdate         
00000200  __STACK_SIZE                  
0000035d  SystemInit                    
00000419  Reflectance_Init              
00000493  Reflectance_Start             
000004cf  Reflectance_End               
000004f9  decision                      
00000689  Clock_Init48MHz               
0000079f  Clock_GetFreq                 
000007a5  delay                         
000007b3  Clock_Delay1us                
000007dd  Clock_Delay1ms                
00000869  Motor_Init                    
000008d9  Motor_Stop                    
00000905  Motor_Forward                 
00000931  Motor_Right                   
00000971  Motor_Left                    
000009b1  Motor_Backward                
00000a19  Port2_Init                    
00000a43  SysTick_Handler               
00000a43  SysTick_Handler               
00000abf  main                          
00000b25  PWM_Init34                    
00000b93  PWM_Duty34                    
00000bdd  TimerA0_Init                  
00000c41  TimerA0_Stop                  
00000c57  TA0_0_IRQHandler              
00000c57  TA0_0_IRQHandler              
00000c89  __aeabi_memcpy                
00000c89  __aeabi_memcpy4               
00000c89  __aeabi_memcpy8               
00000c89  memcpy                        
00000d25  __TI_decompress_lzss          
00000d8d  __TI_auto_init_nobinit_nopinit
00000dd1  SysTick_Init                  
00000e11  _c_int00_noargs               
00000e45  DisableInterrupts             
00000e4b  EnableInterrupts              
00000e51  StartCritical                 
00000e5b  EndCritical                   
00000e63  WaitForInterrupt              
00000e69  __TI_zero_init_nomemset       
00000e85  __TI_decompress_none          
00000e93  Reset_Handler                 
00000e9f  ADC14_IRQHandler              
00000e9f  AES256_IRQHandler             
00000e9f  BusFault_Handler              
00000e9f  COMP_E0_IRQHandler            
00000e9f  COMP_E1_IRQHandler            
00000e9f  CS_IRQHandler                 
00000e9f  DMA_ERR_IRQHandler            
00000e9f  DMA_INT0_IRQHandler           
00000e9f  DMA_INT1_IRQHandler           
00000e9f  DMA_INT2_IRQHandler           
00000e9f  DMA_INT3_IRQHandler           
00000e9f  DebugMon_Handler              
00000e9f  Default_Handler               
00000e9f  EUSCIA0_IRQHandler            
00000e9f  EUSCIA1_IRQHandler            
00000e9f  EUSCIA2_IRQHandler            
00000e9f  EUSCIA3_IRQHandler            
00000e9f  EUSCIB0_IRQHandler            
00000e9f  EUSCIB1_IRQHandler            
00000e9f  EUSCIB2_IRQHandler            
00000e9f  EUSCIB3_IRQHandler            
00000e9f  FLCTL_IRQHandler              
00000e9f  FPU_IRQHandler                
00000e9f  HardFault_Handler             
00000e9f  MemManage_Handler             
00000e9f  NMI_Handler                   
00000e9f  PCM_IRQHandler                
00000e9f  PORT1_IRQHandler              
00000e9f  PORT2_IRQHandler              
00000e9f  PORT3_IRQHandler              
00000e9f  PORT4_IRQHandler              
00000e9f  PORT5_IRQHandler              
00000e9f  PORT6_IRQHandler              
00000e9f  PSS_IRQHandler                
00000e9f  PendSV_Handler                
00000e9f  RTC_C_IRQHandler              
00000e9f  SVC_Handler                   
00000e9f  T32_INT1_IRQHandler           
00000e9f  T32_INT2_IRQHandler           
00000e9f  T32_INTC_IRQHandler           
00000e9f  TA0_N_IRQHandler              
00000e9f  TA1_0_IRQHandler              
00000e9f  TA1_N_IRQHandler              
00000e9f  TA2_0_IRQHandler              
00000e9f  TA2_N_IRQHandler              
00000e9f  TA3_0_IRQHandler              
00000e9f  TA3_N_IRQHandler              
00000e9f  UsageFault_Handler            
00000e9f  WDT_A_IRQHandler              
00000ea1  _system_pre_init              
00000ea5  C$$EXIT                       
00000ea5  abort                         
00000ea8  FSM                           
00001030  __TI_Handler_Table_Base       
0000103c  __TI_Handler_Table_Limit      
00001048  __TI_CINIT_Base               
00001058  __TI_CINIT_Limit              
20000000  __start___llvm_prf_cnts       
20000000  __stop___llvm_prf_cnts        
20000000  lookup_table                  
20000020  ClockFrequency                
20000024  Prewait                       
20000028  CPMwait                       
2000002c  Postwait                      
20000030  IFlags                        
20000034  Crystalstable                 
20000038  SystemCoreClock               
2000003c  TimerA0Task                   
20000040  sensor_state                  
20000044  IRSensorInput                 
20000045  MainCount                     
20000046  index                         
2000fe00  __stack                       
20010000  __STACK_END                   
4000480c  WDTCTL_SYM                    
ffffffff  __TI_pprof_out_hndl           
ffffffff  __TI_prof_data_size           
ffffffff  __TI_prof_data_start          
ffffffff  __binit__                     
ffffffff  __c_args__                    
ffffffff  binit                         
UNDEFED   __mpu_init                    
UNDEFED   _system_post_cinit            

[129 symbols]
