******************************************************************************
                  TI ARM Linker PC v20.2.7                     
******************************************************************************
>> Linked Tue Mar  5 10:18:16 2024

OUTPUT FILE NAME:   <ECE1188 LFR.out>
ENTRY POINT SYMBOL: "_c_int00_noargs"  address: 00000ddd


MEMORY CONFIGURATION

         name            origin    length      used     unused   attr    fill
----------------------  --------  ---------  --------  --------  ----  --------
  MAIN                  00000000   00040000  00000f94  0003f06c  R  X
  INFO                  00200000   00004000  00000000  00004000  R  X
  SRAM_CODE             01000000   00010000  00000237  0000fdc9  RW X
  SRAM_DATA             20000000   00010000  00000237  0000fdc9  RW  


SEGMENT ALLOCATION MAP

run origin  load origin   length   init length attrs members
----------  ----------- ---------- ----------- ----- -------
00000000    00000000    00000f98   00000f98    r-x
  00000000    00000000    000000e4   000000e4    r-- .intvecs
  000000e4    000000e4    00000d90   00000d90    r-x .text
  00000e74    00000e74    000000d8   000000d8    r-- .const
  00000f50    00000f50    00000048   00000048    r-- .cinit
20000000    20000000    00000037   00000000    rw-
  20000000    20000000    0000002c   00000000    rw- .data
  2000002c    2000002c    0000000b   00000000    rw- .bss
2000fe00    2000fe00    00000200   00000000    rw-
  2000fe00    2000fe00    00000200   00000000    rw- .stack


SECTION ALLOCATION MAP

 output                                  attributes/
section   page    origin      length       input sections
--------  ----  ----------  ----------   ----------------
.intvecs   0    00000000    000000e4     
                  00000000    000000e4     startup_msp432p401r_ccs.obj (.intvecs:retain)

.text      0    000000e4    00000d90     
                  000000e4    00000334     system_msp432p401r.obj (.text)
                  00000418    0000023c     Reflectance.obj (.text)
                  00000654    000001e0     Clock.obj (.text)
                  00000834    000001b0     Motor.obj (.text)
                  000009e4    0000010c     main.obj (.text)
                  00000af0    000000b8     PWM.obj (.text)
                  00000ba8    000000ac     TimerA0.obj (.text)
                  00000c54    0000009c     rtsv7M4_T_le_v4SPD16_eabi.lib : memcpy_t2.asm.obj (.text)
                  00000cf0    00000068                                   : copy_decompress_lzss.c.obj (.text:decompress:lzss:__TI_decompress_lzss)
                  00000d58    00000044                                   : autoinit.c.obj (.text:__TI_auto_init_nobinit_nopinit:__TI_auto_init_nobinit_nopinit)
                  00000d9c    00000040     SysTickInts.obj (.text)
                  00000ddc    00000034     rtsv7M4_T_le_v4SPD16_eabi.lib : boot_cortex_m.c.obj (.text:_c_int00_noargs:_c_int00_noargs)
                  00000e10    00000024     CortexM.obj (.text)
                  00000e34    0000001c     rtsv7M4_T_le_v4SPD16_eabi.lib : copy_zero_init.c.obj (.text:decompress:ZI:__TI_zero_init_nomemset:__TI_zero_init_nomemset)
                  00000e50    0000000e                                   : copy_decompress_none.c.obj (.text:decompress:none:__TI_decompress_none)
                  00000e5e    0000000e     startup_msp432p401r_ccs.obj (.text)
                  00000e6c    00000004     rtsv7M4_T_le_v4SPD16_eabi.lib : pre_init.c.obj (.text:_system_pre_init)
                  00000e70    00000004                                   : exit.c.obj (.text:abort:abort)

.const     0    00000e74    000000d8     
                  00000e74    000000d8     main.obj (.const:FSM)

.cinit     0    00000f50    00000048     
                  00000f50    0000001d     (.cinit..data.load) [load image, compression = lzss]
                  00000f6d    00000003     --HOLE-- [fill = 0]
                  00000f70    0000000c     (__TI_handler_table)
                  00000f7c    00000004     --HOLE-- [fill = 0]
                  00000f80    00000008     (.cinit..bss.load) [load image, compression = zero_init]
                  00000f88    00000010     (__TI_cinit_table)

.init_array 
*          0    00000000    00000000     UNINITIALIZED

.binit     0    00000000    00000000     

.data      0    20000000    0000002c     UNINITIALIZED
                  20000000    00000018     Clock.obj (.data)
                  20000018    00000010     main.obj (.data:lookup_table)
                  20000028    00000004     system_msp432p401r.obj (.data)

.bss       0    2000002c    0000000b     UNINITIALIZED
                  2000002c    00000004     (.common:TimerA0Task)
                  20000030    00000004     (.common:sensor_state)
                  20000034    00000001     (.common:IRSensorInput)
                  20000035    00000001     (.common:MainCount)
                  20000036    00000001     (.common:index)

.stack     0    2000fe00    00000200     UNINITIALIZED
                  2000fe00    00000004     rtsv7M4_T_le_v4SPD16_eabi.lib : boot_cortex_m.c.obj (.stack)
                  2000fe04    000001fc     --HOLE--

__llvm_prf_cnts 
*          0    20000000    00000000     UNINITIALIZED

MODULE SUMMARY

       Module                        code   ro data   rw data
       ------                        ----   -------   -------
    .\
       system_msp432p401r.obj        820    0         8      
       Reflectance.obj               572    0         0      
       main.obj                      268    216       46     
       Clock.obj                     480    0         48     
       Motor.obj                     432    0         0      
       startup_msp432p401r_ccs.obj   14     228       0      
       PWM.obj                       184    0         0      
       TimerA0.obj                   172    0         8      
       SysTickInts.obj               64     0         0      
       CortexM.obj                   36     0         0      
    +--+-----------------------------+------+---------+---------+
       Total:                        3042   444       110    
                                                             
    C:\ti\ccs1260\ccs\tools\compiler\ti-cgt-arm_20.2.7.LTS\lib\rtsv7M4_T_le_v4SPD16_eabi.lib
       memcpy_t2.asm.obj             156    0         0      
       copy_decompress_lzss.c.obj    104    0         0      
       autoinit.c.obj                68     0         0      
       boot_cortex_m.c.obj           52     0         0      
       copy_zero_init.c.obj          28     0         0      
       copy_decompress_none.c.obj    14     0         0      
       exit.c.obj                    4      0         0      
       pre_init.c.obj                4      0         0      
    +--+-----------------------------+------+---------+---------+
       Total:                        430    0         0      
                                                             
       Stack:                        0      0         1024   
       Linker Generated:             0      65        0      
    +--+-----------------------------+------+---------+---------+
       Grand Total:                  3472   509       1134   


LINKER GENERATED COPY TABLES

__TI_cinit_table @ 00000f88 records: 2, size/record: 8, table size: 16
	.data: load addr=00000f50, load size=0000001d bytes, run addr=20000000, run size=0000002c bytes, compression=lzss
	.bss: load addr=00000f80, load size=00000008 bytes, run addr=2000002c, run size=0000000b bytes, compression=zero_init


LINKER GENERATED HANDLER TABLE

__TI_handler_table @ 00000f70 records: 3, size/record: 4, table size: 12
	index: 0, handler: __TI_decompress_lzss
	index: 1, handler: __TI_decompress_none
	index: 2, handler: __TI_zero_init


GLOBAL SYMBOLS: SORTED ALPHABETICALLY BY Name 

address   name                          
-------   ----                          
00000e6b  ADC14_IRQHandler              
00000e6b  AES256_IRQHandler             
00000e6b  BusFault_Handler              
00000e71  C$$EXIT                       
00000e6b  COMP_E0_IRQHandler            
00000e6b  COMP_E1_IRQHandler            
20000008  CPMwait                       
00000e6b  CS_IRQHandler                 
20000000  ClockFrequency                
000007a9  Clock_Delay1ms                
0000077f  Clock_Delay1us                
0000076b  Clock_GetFreq                 
00000655  Clock_Init48MHz               
20000014  Crystalstable                 
00000e6b  DMA_ERR_IRQHandler            
00000e6b  DMA_INT0_IRQHandler           
00000e6b  DMA_INT1_IRQHandler           
00000e6b  DMA_INT2_IRQHandler           
00000e6b  DMA_INT3_IRQHandler           
00000e6b  DebugMon_Handler              
00000e6b  Default_Handler               
00000e11  DisableInterrupts             
00000e6b  EUSCIA0_IRQHandler            
00000e6b  EUSCIA1_IRQHandler            
00000e6b  EUSCIA2_IRQHandler            
00000e6b  EUSCIA3_IRQHandler            
00000e6b  EUSCIB0_IRQHandler            
00000e6b  EUSCIB1_IRQHandler            
00000e6b  EUSCIB2_IRQHandler            
00000e6b  EUSCIB3_IRQHandler            
00000e17  EnableInterrupts              
00000e27  EndCritical                   
00000e6b  FLCTL_IRQHandler              
00000e6b  FPU_IRQHandler                
00000e74  FSM                           
00000e6b  HardFault_Handler             
20000010  IFlags                        
20000034  IRSensorInput                 
20000035  MainCount                     
00000e6b  MemManage_Handler             
0000097d  Motor_Backward                
000008d1  Motor_Forward                 
00000835  Motor_Init                    
0000093d  Motor_Left                    
000008fd  Motor_Right                   
000008a5  Motor_Stop                    
00000e6b  NMI_Handler                   
00000e6b  PCM_IRQHandler                
00000e6b  PORT1_IRQHandler              
00000e6b  PORT2_IRQHandler              
00000e6b  PORT3_IRQHandler              
00000e6b  PORT4_IRQHandler              
00000e6b  PORT5_IRQHandler              
00000e6b  PORT6_IRQHandler              
00000e6b  PSS_IRQHandler                
00000b5f  PWM_Duty34                    
00000af1  PWM_Init34                    
00000e6b  PendSV_Handler                
000009e5  Port2_Init                    
2000000c  Postwait                      
20000004  Prewait                       
00000e6b  RTC_C_IRQHandler              
000004cf  Reflectance_End               
00000419  Reflectance_Init              
00000493  Reflectance_Start             
00000e5f  Reset_Handler                 
00000e6b  SVC_Handler                   
00000e1d  StartCritical                 
00000a0f  SysTick_Handler               
00000a0f  SysTick_Handler               
00000d9d  SysTick_Init                  
20000028  SystemCoreClock               
000000e5  SystemCoreClockUpdate         
0000035d  SystemInit                    
00000e6b  T32_INT1_IRQHandler           
00000e6b  T32_INT2_IRQHandler           
00000e6b  T32_INTC_IRQHandler           
00000c23  TA0_0_IRQHandler              
00000c23  TA0_0_IRQHandler              
00000e6b  TA0_N_IRQHandler              
00000e6b  TA1_0_IRQHandler              
00000e6b  TA1_N_IRQHandler              
00000e6b  TA2_0_IRQHandler              
00000e6b  TA2_N_IRQHandler              
00000e6b  TA3_0_IRQHandler              
00000e6b  TA3_N_IRQHandler              
2000002c  TimerA0Task                   
00000ba9  TimerA0_Init                  
00000c0d  TimerA0_Stop                  
00000e6b  UsageFault_Handler            
4000480c  WDTCTL_SYM                    
00000e6b  WDT_A_IRQHandler              
00000e2f  WaitForInterrupt              
20010000  __STACK_END                   
00000200  __STACK_SIZE                  
00000f88  __TI_CINIT_Base               
00000f98  __TI_CINIT_Limit              
00000f70  __TI_Handler_Table_Base       
00000f7c  __TI_Handler_Table_Limit      
00000d59  __TI_auto_init_nobinit_nopinit
00000cf1  __TI_decompress_lzss          
00000e51  __TI_decompress_none          
ffffffff  __TI_pprof_out_hndl           
ffffffff  __TI_prof_data_size           
ffffffff  __TI_prof_data_start          
00000000  __TI_static_base__            
00000e35  __TI_zero_init_nomemset       
00000c55  __aeabi_memcpy                
00000c55  __aeabi_memcpy4               
00000c55  __aeabi_memcpy8               
ffffffff  __binit__                     
ffffffff  __c_args__                    
UNDEFED   __mpu_init                    
2000fe00  __stack                       
20000000  __start___llvm_prf_cnts       
20000000  __stop___llvm_prf_cnts        
00000ddd  _c_int00_noargs               
UNDEFED   _system_post_cinit            
00000e6d  _system_pre_init              
00000e71  abort                         
ffffffff  binit                         
000004f9  decision                      
00000771  delay                         
20000036  index                         
00000000  interruptVectors              
20000018  lookup_table                  
00000a8b  main                          
00000c55  memcpy                        
20000030  sensor_state                  


GLOBAL SYMBOLS: SORTED BY Symbol Address 

address   name                          
-------   ----                          
00000000  __TI_static_base__            
00000000  interruptVectors              
000000e5  SystemCoreClockUpdate         
00000200  __STACK_SIZE                  
0000035d  SystemInit                    
00000419  Reflectance_Init              
00000493  Reflectance_Start             
000004cf  Reflectance_End               
000004f9  decision                      
00000655  Clock_Init48MHz               
0000076b  Clock_GetFreq                 
00000771  delay                         
0000077f  Clock_Delay1us                
000007a9  Clock_Delay1ms                
00000835  Motor_Init                    
000008a5  Motor_Stop                    
000008d1  Motor_Forward                 
000008fd  Motor_Right                   
0000093d  Motor_Left                    
0000097d  Motor_Backward                
000009e5  Port2_Init                    
00000a0f  SysTick_Handler               
00000a0f  SysTick_Handler               
00000a8b  main                          
00000af1  PWM_Init34                    
00000b5f  PWM_Duty34                    
00000ba9  TimerA0_Init                  
00000c0d  TimerA0_Stop                  
00000c23  TA0_0_IRQHandler              
00000c23  TA0_0_IRQHandler              
00000c55  __aeabi_memcpy                
00000c55  __aeabi_memcpy4               
00000c55  __aeabi_memcpy8               
00000c55  memcpy                        
00000cf1  __TI_decompress_lzss          
00000d59  __TI_auto_init_nobinit_nopinit
00000d9d  SysTick_Init                  
00000ddd  _c_int00_noargs               
00000e11  DisableInterrupts             
00000e17  EnableInterrupts              
00000e1d  StartCritical                 
00000e27  EndCritical                   
00000e2f  WaitForInterrupt              
00000e35  __TI_zero_init_nomemset       
00000e51  __TI_decompress_none          
00000e5f  Reset_Handler                 
00000e6b  ADC14_IRQHandler              
00000e6b  AES256_IRQHandler             
00000e6b  BusFault_Handler              
00000e6b  COMP_E0_IRQHandler            
00000e6b  COMP_E1_IRQHandler            
00000e6b  CS_IRQHandler                 
00000e6b  DMA_ERR_IRQHandler            
00000e6b  DMA_INT0_IRQHandler           
00000e6b  DMA_INT1_IRQHandler           
00000e6b  DMA_INT2_IRQHandler           
00000e6b  DMA_INT3_IRQHandler           
00000e6b  DebugMon_Handler              
00000e6b  Default_Handler               
00000e6b  EUSCIA0_IRQHandler            
00000e6b  EUSCIA1_IRQHandler            
00000e6b  EUSCIA2_IRQHandler            
00000e6b  EUSCIA3_IRQHandler            
00000e6b  EUSCIB0_IRQHandler            
00000e6b  EUSCIB1_IRQHandler            
00000e6b  EUSCIB2_IRQHandler            
00000e6b  EUSCIB3_IRQHandler            
00000e6b  FLCTL_IRQHandler              
00000e6b  FPU_IRQHandler                
00000e6b  HardFault_Handler             
00000e6b  MemManage_Handler             
00000e6b  NMI_Handler                   
00000e6b  PCM_IRQHandler                
00000e6b  PORT1_IRQHandler              
00000e6b  PORT2_IRQHandler              
00000e6b  PORT3_IRQHandler              
00000e6b  PORT4_IRQHandler              
00000e6b  PORT5_IRQHandler              
00000e6b  PORT6_IRQHandler              
00000e6b  PSS_IRQHandler                
00000e6b  PendSV_Handler                
00000e6b  RTC_C_IRQHandler              
00000e6b  SVC_Handler                   
00000e6b  T32_INT1_IRQHandler           
00000e6b  T32_INT2_IRQHandler           
00000e6b  T32_INTC_IRQHandler           
00000e6b  TA0_N_IRQHandler              
00000e6b  TA1_0_IRQHandler              
00000e6b  TA1_N_IRQHandler              
00000e6b  TA2_0_IRQHandler              
00000e6b  TA2_N_IRQHandler              
00000e6b  TA3_0_IRQHandler              
00000e6b  TA3_N_IRQHandler              
00000e6b  UsageFault_Handler            
00000e6b  WDT_A_IRQHandler              
00000e6d  _system_pre_init              
00000e71  C$$EXIT                       
00000e71  abort                         
00000e74  FSM                           
00000f70  __TI_Handler_Table_Base       
00000f7c  __TI_Handler_Table_Limit      
00000f88  __TI_CINIT_Base               
00000f98  __TI_CINIT_Limit              
20000000  ClockFrequency                
20000000  __start___llvm_prf_cnts       
20000000  __stop___llvm_prf_cnts        
20000004  Prewait                       
20000008  CPMwait                       
2000000c  Postwait                      
20000010  IFlags                        
20000014  Crystalstable                 
20000018  lookup_table                  
20000028  SystemCoreClock               
2000002c  TimerA0Task                   
20000030  sensor_state                  
20000034  IRSensorInput                 
20000035  MainCount                     
20000036  index                         
2000fe00  __stack                       
20010000  __STACK_END                   
4000480c  WDTCTL_SYM                    
ffffffff  __TI_pprof_out_hndl           
ffffffff  __TI_prof_data_size           
ffffffff  __TI_prof_data_start          
ffffffff  __binit__                     
ffffffff  __c_args__                    
ffffffff  binit                         
UNDEFED   __mpu_init                    
UNDEFED   _system_post_cinit            

[129 symbols]
